Archive member included because of file (symbol)

C:\Marmalade\7.2\s3e\edk\lib\android\libedk.a(edk_helpers.o)
                              release\s3eNextpeer_platform.os (s3eEdkThreadRunOnOS)
c:/android-ndk-r8b/toolchains/arm-linux-androideabi-4.4.3/prebuilt/windows/bin/../lib/gcc/arm-linux-androideabi/4.4.3\libgcc.a(unwind-arm.o)
                              C:/android-ndk-r8b/platforms/android-9/arch-arm/usr/lib/crtbegin_so.o (__aeabi_unwind_cpp_pr0)
c:/android-ndk-r8b/toolchains/arm-linux-androideabi-4.4.3/prebuilt/windows/bin/../lib/gcc/arm-linux-androideabi/4.4.3\libgcc.a(libunwind.o)
                              c:/android-ndk-r8b/toolchains/arm-linux-androideabi-4.4.3/prebuilt/windows/bin/../lib/gcc/arm-linux-androideabi/4.4.3\libgcc.a(unwind-arm.o) (restore_core_regs)
c:/android-ndk-r8b/toolchains/arm-linux-androideabi-4.4.3/prebuilt/windows/bin/../lib/gcc/arm-linux-androideabi/4.4.3\libgcc.a(pr-support.o)
                              c:/android-ndk-r8b/toolchains/arm-linux-androideabi-4.4.3/prebuilt/windows/bin/../lib/gcc/arm-linux-androideabi/4.4.3\libgcc.a(unwind-arm.o) (__gnu_unwind_execute)

Discarded input sections

 .ARM.extab     0x00000000        0x0 C:/android-ndk-r8b/platforms/android-9/arch-arm/usr/lib/crtbegin_so.o
 .bss           0x00000000        0x0 C:/android-ndk-r8b/platforms/android-9/arch-arm/usr/lib/crtbegin_so.o
 .note.GNU-stack
                0x00000000        0x0 C:/android-ndk-r8b/platforms/android-9/arch-arm/usr/lib/crtbegin_so.o
 _ZN7_JNIEnv11GetMethodIDEP7_jclassPKcS3_
                0x00000000        0x0 release\s3eNextpeer_platform.os
 _ZN7_JNIEnv13CallIntMethodEP8_jobjectP10_jmethodIDz
                0x00000000        0x0 release\s3eNextpeer_platform.os
 _ZN7_JNIEnv14CallVoidMethodEP8_jobjectP10_jmethodIDz
                0x00000000        0x0 release\s3eNextpeer_platform.os
 _ZN7_JNIEnv17CallBooleanMethodEP8_jobjectP10_jmethodIDz
                0x00000000        0x0 release\s3eNextpeer_platform.os
 _ZN7_JNIEnv9NewObjectEP7_jclassP10_jmethodIDz
                0x00000000        0x0 release\s3eNextpeer_platform.os
 .text          0x00000000        0x0 release\s3eNextpeer_platform.os
 .data          0x00000000        0x0 release\s3eNextpeer_platform.os
 .note.GNU-stack
                0x00000000        0x0 release\s3eNextpeer_platform.os
 .text          0x00000000        0x0 release\s3eNextpeer.os
 .data          0x00000000        0x0 release\s3eNextpeer.os
 .bss           0x00000000        0x0 release\s3eNextpeer.os
 .note.GNU-stack
                0x00000000        0x0 release\s3eNextpeer.os
 .text          0x00000000        0x0 release\s3eNextpeer_register.os
 .data          0x00000000        0x0 release\s3eNextpeer_register.os
 .bss           0x00000000        0x0 release\s3eNextpeer_register.os
 .text._Z22s3eNextpeerRegisterExtv
                0x00000000        0x0 release\s3eNextpeer_register.os
 .note.GNU-stack
                0x00000000        0x0 release\s3eNextpeer_register.os
 .text          0x00000000        0x0 C:\Marmalade\7.2\s3e\edk\lib\android\libedk.a(edk_helpers.o)
 .data          0x00000000        0x0 C:\Marmalade\7.2\s3e\edk\lib\android\libedk.a(edk_helpers.o)
 .bss           0x00000000        0x0 C:\Marmalade\7.2\s3e\edk\lib\android\libedk.a(edk_helpers.o)
 .text.s3eEdkThreadRunOnOSAsync
                0x00000000        0x0 C:\Marmalade\7.2\s3e\edk\lib\android\libedk.a(edk_helpers.o)
 .text.s3eEdkErrorSetString
                0x00000000        0x0 C:\Marmalade\7.2\s3e\edk\lib\android\libedk.a(edk_helpers.o)
 .note.GNU-stack
                0x00000000        0x0 C:\Marmalade\7.2\s3e\edk\lib\android\libedk.a(edk_helpers.o)
 .data          0x00000000        0x0 c:/android-ndk-r8b/toolchains/arm-linux-androideabi-4.4.3/prebuilt/windows/bin/../lib/gcc/arm-linux-androideabi/4.4.3\libgcc.a(unwind-arm.o)
 .bss           0x00000000        0x0 c:/android-ndk-r8b/toolchains/arm-linux-androideabi-4.4.3/prebuilt/windows/bin/../lib/gcc/arm-linux-androideabi/4.4.3\libgcc.a(unwind-arm.o)
 .note.GNU-stack
                0x00000000        0x0 c:/android-ndk-r8b/toolchains/arm-linux-androideabi-4.4.3/prebuilt/windows/bin/../lib/gcc/arm-linux-androideabi/4.4.3\libgcc.a(unwind-arm.o)
 .data          0x00000000        0x0 c:/android-ndk-r8b/toolchains/arm-linux-androideabi-4.4.3/prebuilt/windows/bin/../lib/gcc/arm-linux-androideabi/4.4.3\libgcc.a(libunwind.o)
 .bss           0x00000000        0x0 c:/android-ndk-r8b/toolchains/arm-linux-androideabi-4.4.3/prebuilt/windows/bin/../lib/gcc/arm-linux-androideabi/4.4.3\libgcc.a(libunwind.o)
 .note.GNU-stack
                0x00000000        0x0 c:/android-ndk-r8b/toolchains/arm-linux-androideabi-4.4.3/prebuilt/windows/bin/../lib/gcc/arm-linux-androideabi/4.4.3\libgcc.a(libunwind.o)
 .data          0x00000000        0x0 c:/android-ndk-r8b/toolchains/arm-linux-androideabi-4.4.3/prebuilt/windows/bin/../lib/gcc/arm-linux-androideabi/4.4.3\libgcc.a(pr-support.o)
 .bss           0x00000000        0x0 c:/android-ndk-r8b/toolchains/arm-linux-androideabi-4.4.3/prebuilt/windows/bin/../lib/gcc/arm-linux-androideabi/4.4.3\libgcc.a(pr-support.o)
 .ARM.extab     0x00000000        0x0 c:/android-ndk-r8b/toolchains/arm-linux-androideabi-4.4.3/prebuilt/windows/bin/../lib/gcc/arm-linux-androideabi/4.4.3\libgcc.a(pr-support.o)
 .note.GNU-stack
                0x00000000        0x0 c:/android-ndk-r8b/toolchains/arm-linux-androideabi-4.4.3/prebuilt/windows/bin/../lib/gcc/arm-linux-androideabi/4.4.3\libgcc.a(pr-support.o)
 .text          0x00000000        0x0 C:/android-ndk-r8b/platforms/android-9/arch-arm/usr/lib/crtend_so.o
 .data          0x00000000        0x0 C:/android-ndk-r8b/platforms/android-9/arch-arm/usr/lib/crtend_so.o
 .bss           0x00000000        0x0 C:/android-ndk-r8b/platforms/android-9/arch-arm/usr/lib/crtend_so.o
 .note.GNU-stack
                0x00000000        0x0 C:/android-ndk-r8b/platforms/android-9/arch-arm/usr/lib/crtend_so.o

Memory Configuration

Name             Origin             Length             Attributes
*default*        0x00000000         0xffffffff

Linker script and memory map

LOAD C:/android-ndk-r8b/platforms/android-9/arch-arm/usr/lib/crtbegin_so.o
LOAD release\s3eNextpeer_platform.os
LOAD release\s3eNextpeer.os
LOAD release\s3eNextpeer_register.os
LOAD C:\Marmalade\7.2\s3e\edk\lib\android\libedk.a
LOAD C:\Marmalade\7.2\s3e\edk\lib\android/libplaceholderplaceholderplaceholderplaceholderplaceholder.so
LOAD C:\android-ndk-r8b\platforms\android-9\arch-arm\usr\lib/liblog.so
LOAD C:\android-ndk-r8b\sources\cxx-stl\gnu-libstdc++\4.4.3\libs\armeabi\libgnustl_static.a
LOAD c:/android-ndk-r8b/toolchains/arm-linux-androideabi-4.4.3/prebuilt/windows/bin/../lib/gcc/arm-linux-androideabi/4.4.3\libgcc.a
LOAD C:\android-ndk-r8b\platforms\android-9\arch-arm\usr\lib/libstdc++.so
LOAD C:\android-ndk-r8b\platforms\android-9\arch-arm\usr\lib/libm.so
LOAD C:\android-ndk-r8b\platforms\android-9\arch-arm\usr\lib/libc.so
LOAD c:/android-ndk-r8b/toolchains/arm-linux-androideabi-4.4.3/prebuilt/windows/bin/../lib/gcc/arm-linux-androideabi/4.4.3\libgcc.a
LOAD C:\android-ndk-r8b\platforms\android-9\arch-arm\usr\lib/libc.so
LOAD C:\android-ndk-r8b\platforms\android-9\arch-arm\usr\lib/libdl.so
LOAD c:/android-ndk-r8b/toolchains/arm-linux-androideabi-4.4.3/prebuilt/windows/bin/../lib/gcc/arm-linux-androideabi/4.4.3\libgcc.a
LOAD C:/android-ndk-r8b/platforms/android-9/arch-arm/usr/lib/crtend_so.o
                0x000000f4                . = (0x0 + SIZEOF_HEADERS)

.note.gnu.build-id
 *(.note.gnu.build-id)

.hash           0x000000f4      0x238
 *(.hash)
 .hash          0x000000f4      0x238 C:/android-ndk-r8b/platforms/android-9/arch-arm/usr/lib/crtbegin_so.o

.gnu.hash
 *(.gnu.hash)

.dynsym         0x0000032c      0x490
 *(.dynsym)
 .dynsym        0x0000032c      0x490 C:/android-ndk-r8b/platforms/android-9/arch-arm/usr/lib/crtbegin_so.o

.dynstr         0x000007bc      0x516
 *(.dynstr)
 .dynstr        0x000007bc      0x516 C:/android-ndk-r8b/platforms/android-9/arch-arm/usr/lib/crtbegin_so.o

.gnu.version    0x00000cd2        0x0
 *(.gnu.version)
 .gnu.version   0x00000000        0x0 C:/android-ndk-r8b/platforms/android-9/arch-arm/usr/lib/crtbegin_so.o

.gnu.version_d  0x00000cd4        0x0 load address 0x00000cd2
 *(.gnu.version_d)
 .gnu.version_d
                0x00000000        0x0 C:/android-ndk-r8b/platforms/android-9/arch-arm/usr/lib/crtbegin_so.o

.gnu.version_r  0x00000cd4        0x0 load address 0x00000cd2
 *(.gnu.version_r)
 .gnu.version_r
                0x00000000        0x0 C:/android-ndk-r8b/platforms/android-9/arch-arm/usr/lib/crtbegin_so.o

.rel.dyn        0x00000cd4      0x1c8
 *(.rel.init)
 *(.rel.text .rel.text.* .rel.gnu.linkonce.t.*)
 .rel.text      0x00000cd4       0x10 C:/android-ndk-r8b/platforms/android-9/arch-arm/usr/lib/crtbegin_so.o
 *(.rel.fini)
 *(.rel.rodata .rel.rodata.* .rel.gnu.linkonce.r.*)
 *(.rel.data.rel.ro* .rel.gnu.linkonce.d.rel.ro.*)
 .rel.data.rel.ro
                0x00000ce4       0xd8 C:/android-ndk-r8b/platforms/android-9/arch-arm/usr/lib/crtbegin_so.o
 *(.rel.data .rel.data.* .rel.gnu.linkonce.d.*)
 .rel.data      0x00000dbc        0x8 C:/android-ndk-r8b/platforms/android-9/arch-arm/usr/lib/crtbegin_so.o
 *(.rel.tdata .rel.tdata.* .rel.gnu.linkonce.td.*)
 *(.rel.tbss .rel.tbss.* .rel.gnu.linkonce.tb.*)
 *(.rel.ctors)
 *(.rel.dtors)
 *(.rel.got)
 .rel.got       0x00000dc4       0xd0 C:/android-ndk-r8b/platforms/android-9/arch-arm/usr/lib/crtbegin_so.o
 *(.rel.bss .rel.bss.* .rel.gnu.linkonce.b.*)
 .rel.fini_array
                0x00000e94        0x8 C:/android-ndk-r8b/platforms/android-9/arch-arm/usr/lib/crtbegin_so.o

.rela.dyn
 *(.rela.init)
 *(.rela.text .rela.text.* .rela.gnu.linkonce.t.*)
 *(.rela.fini)
 *(.rela.rodata .rela.rodata.* .rela.gnu.linkonce.r.*)
 *(.rela.data .rela.data.* .rela.gnu.linkonce.d.*)
 *(.rela.tdata .rela.tdata.* .rela.gnu.linkonce.td.*)
 *(.rela.tbss .rela.tbss.* .rela.gnu.linkonce.tb.*)
 *(.rela.ctors)
 *(.rela.dtors)
 *(.rela.got)
 *(.rela.bss .rela.bss.* .rela.gnu.linkonce.b.*)

.rel.plt        0x00000e9c       0x60
 *(.rel.plt)
 .rel.plt       0x00000e9c       0x60 C:/android-ndk-r8b/platforms/android-9/arch-arm/usr/lib/crtbegin_so.o

.rela.plt
 *(.rela.plt)

.init
 *(.init)

.plt            0x00000efc       0xa4
 *(.plt)
 .plt           0x00000efc       0xa4 C:/android-ndk-r8b/platforms/android-9/arch-arm/usr/lib/crtbegin_so.o

.text           0x00000fa0     0x247c
 *(.text .stub .text.* .gnu.linkonce.t.*)
 .text          0x00000fa0       0x28 C:/android-ndk-r8b/platforms/android-9/arch-arm/usr/lib/crtbegin_so.o
                0x00000fb0                atexit
 .text._ZN7_JNIEnv11GetMethodIDEP7_jclassPKcS3_
                0x00000fc8       0x14 release\s3eNextpeer_platform.os
                0x00000fc8                _JNIEnv::GetMethodID(_jclass*, char const*, char const*)
 .text._Z22onNextpeerAppearCalledv
                0x00000fdc        0x4 release\s3eNextpeer_platform.os
                0x00000fdc                onNextpeerAppearCalled()
 .text._Z25onNextpeerDisappearCalledv
                0x00000fe0        0x4 release\s3eNextpeer_platform.os
                0x00000fe0                onNextpeerDisappearCalled()
 .text._Z28onNextpeerReturnToGameCalledv
                0x00000fe4        0x4 release\s3eNextpeer_platform.os
                0x00000fe4                onNextpeerReturnToGameCalled()
 .text._Z26onSupportsTournamentCalledv
                0x00000fe8        0x4 release\s3eNextpeer_platform.os
                0x00000fe8                onSupportsTournamentCalled()
 .text._Z23onTournamentStartCalledv
                0x00000fec        0x4 release\s3eNextpeer_platform.os
                0x00000fec                onTournamentStartCalled()
 .text._Z21onTournamentEndCalledv
                0x00000ff0        0x4 release\s3eNextpeer_platform.os
                0x00000ff0                onTournamentEndCalled()
 .text._Z38onReceiveTournamentCustomMessageCalledv
                0x00000ff4        0x4 release\s3eNextpeer_platform.os
                0x00000ff4                onReceiveTournamentCustomMessageCalled()
 .text._Z48onReceiveUnreliableTournamentCustomMessageCalledv
                0x00000ff8        0x4 release\s3eNextpeer_platform.os
                0x00000ff8                onReceiveUnreliableTournamentCustomMessageCalled()
 .text._Z29s3eNextpeerTerminate_platformv
                0x00000ffc        0x4 release\s3eNextpeer_platform.os
                0x00000ffc                s3eNextpeerTerminate_platform()
 .text._ZN7_JNIEnv13CallIntMethodEP8_jobjectP10_jmethodIDz
                0x00001000       0x34 release\s3eNextpeer_platform.os
                0x00001000                _JNIEnv::CallIntMethod(_jobject*, _jmethodID*, ...)
 .text._ZN7_JNIEnv14CallVoidMethodEP8_jobjectP10_jmethodIDz
                0x00001034       0x34 release\s3eNextpeer_platform.os
                0x00001034                _JNIEnv::CallVoidMethod(_jobject*, _jmethodID*, ...)
 .text._ZN7_JNIEnv17CallBooleanMethodEP8_jobjectP10_jmethodIDz
                0x00001068       0x34 release\s3eNextpeer_platform.os
                0x00001068                _JNIEnv::CallBooleanMethod(_jobject*, _jmethodID*, ...)
 .text._ZN7_JNIEnv9NewObjectEP7_jclassP10_jmethodIDz
                0x0000109c       0x34 release\s3eNextpeer_platform.os
                0x0000109c                _JNIEnv::NewObject(_jclass*, _jmethodID*, ...)
 .text._Z31onReceiveTournamentStatusCalledP7_JNIEnvP8_jobjectS2_
                0x000010d0       0x48 release\s3eNextpeer_platform.os
                0x000010d0                onReceiveTournamentStatusCalled(_JNIEnv*, _jobject*, _jobject*)
 .text._Z38s3eNextpeerUnRegisterCallback_platform18s3eNextperCallbackPFiPvS0_E
                0x00001118       0x5c release\s3eNextpeer_platform.os
                0x00001118                s3eNextpeerUnRegisterCallback_platform(s3eNextperCallback, int (*)(void*, void*))
 .text._Z36s3eNextpeerRegisterCallback_platform18s3eNextperCallbackPFiPvS0_ES0_
                0x00001174       0x68 release\s3eNextpeer_platform.os
                0x00001174                s3eNextpeerRegisterCallback_platform(s3eNextperCallback, int (*)(void*, void*), void*)
 .text._Z40s3eNextpeerTimeLeftInTournament_platformv
                0x000011dc       0x50 release\s3eNextpeer_platform.os
                0x000011dc                s3eNextpeerTimeLeftInTournament_platform()
 .text._Z28s3eNextpeerOpenFeed_platformv
                0x0000122c       0x50 release\s3eNextpeer_platform.os
                0x0000122c                s3eNextpeerOpenFeed_platform()
 .text._Z52s3eNextpeerSetUnifiedVirtualCurrencySupport_platformh
                0x0000127c       0x58 release\s3eNextpeer_platform.os
                0x0000127c                s3eNextpeerSetUnifiedVirtualCurrencySupport_platform(unsigned char)
 .text._Z43s3eNextpeerRegisterOpenURLCallback_platformv
                0x000012d4       0x50 release\s3eNextpeer_platform.os
                0x000012d4                s3eNextpeerRegisterOpenURLCallback_platform()
 .text._Z33s3eNextpeerHandleOpenURL_platformPv
                0x00001324       0x58 release\s3eNextpeer_platform.os
                0x00001324                s3eNextpeerHandleOpenURL_platform(void*)
 .text._Z42s3eNextpeerPushDataToOtherPlayers_platformPKvj
                0x0000137c       0x60 release\s3eNextpeer_platform.os
                0x0000137c                s3eNextpeerPushDataToOtherPlayers_platform(void const*, unsigned int)
 .text._Z53s3eNextpeerReportForfeitForCurrentTournament_platformv
                0x000013dc       0x50 release\s3eNextpeer_platform.os
                0x000013dc                s3eNextpeerReportForfeitForCurrentTournament_platform()
 .text._Z28s3eNextpeerShutDown_platformv
                0x0000142c       0x50 release\s3eNextpeer_platform.os
                0x0000142c                s3eNextpeerShutDown_platform()
 .text._Z51s3eNextpeerReportScoreForCurrentTournament_platformj
                0x0000147c       0x58 release\s3eNextpeer_platform.os
                0x0000147c                s3eNextpeerReportScoreForCurrentTournament_platform(unsigned int)
 .text._Z36s3eNextpeerDismissDashboard_platformv
                0x000014d4       0x50 release\s3eNextpeer_platform.os
                0x000014d4                s3eNextpeerDismissDashboard_platform()
 .text._Z35s3eNextpeerLaunchDashboard_platformv
                0x00001524       0x50 release\s3eNextpeer_platform.os
                0x00001524                s3eNextpeerLaunchDashboard_platform()
 .text._Z43s3eNextpeerIsCurrentlyInTournament_platformv
                0x00001574       0x50 release\s3eNextpeer_platform.os
                0x00001574                s3eNextpeerIsCurrentlyInTournament_platform()
 .text._Z53s3eNextpeerLaunchDashboardWithCurrencyAmount_platformj
                0x000015c4       0x58 release\s3eNextpeer_platform.os
                0x000015c4                s3eNextpeerLaunchDashboardWithCurrencyAmount_platform(unsigned int)
 .text._Z50s3eNextpeerPushNotificationToOtherPlayers_platformPKc
                0x0000161c       0x70 release\s3eNextpeer_platform.os
                0x0000161c                s3eNextpeerPushNotificationToOtherPlayers_platform(char const*)
 .text._Z38s3eNextpeerInitWithProductKey_platformPKc
                0x0000168c       0x70 release\s3eNextpeer_platform.os
                0x0000168c                s3eNextpeerInitWithProductKey_platform(char const*)
 .text._ZL27s3eEdkAndroidFindClass_realPKc
                0x000016fc       0xb8 release\s3eNextpeer_platform.os
 .text._Z24s3eNextpeerInit_platformv
                0x000017b4      0x4c0 release\s3eNextpeer_platform.os
                0x000017b4                s3eNextpeerInit_platform()
 .text.s3eNextpeerUnRegisterCallback
                0x00001c74        0x4 release\s3eNextpeer.os
                0x00001c74                s3eNextpeerUnRegisterCallback
 .text.s3eNextpeerRegisterCallback
                0x00001c78        0x4 release\s3eNextpeer.os
                0x00001c78                s3eNextpeerRegisterCallback
 .text.s3eNextpeerOpenFeed
                0x00001c7c        0x4 release\s3eNextpeer.os
                0x00001c7c                s3eNextpeerOpenFeed
 .text.s3eNextpeerSetUnifiedVirtualCurrencySupport
                0x00001c80        0x4 release\s3eNextpeer.os
                0x00001c80                s3eNextpeerSetUnifiedVirtualCurrencySupport
 .text.s3eNextpeerRegisterOpenURLCallback
                0x00001c84        0x4 release\s3eNextpeer.os
                0x00001c84                s3eNextpeerRegisterOpenURLCallback
 .text.s3eNextpeerHandleOpenURL
                0x00001c88        0x4 release\s3eNextpeer.os
                0x00001c88                s3eNextpeerHandleOpenURL
 .text.s3eNextpeerPushNotificationToOtherPlayers
                0x00001c8c        0x4 release\s3eNextpeer.os
                0x00001c8c                s3eNextpeerPushNotificationToOtherPlayers
 .text.s3eNextpeerPushDataToOtherPlayers
                0x00001c90        0x4 release\s3eNextpeer.os
                0x00001c90                s3eNextpeerPushDataToOtherPlayers
 .text.s3eNextpeerReportForfeitForCurrentTournament
                0x00001c94        0x4 release\s3eNextpeer.os
                0x00001c94                s3eNextpeerReportForfeitForCurrentTournament
 .text.s3eNextpeerTimeLeftInTournament
                0x00001c98        0x4 release\s3eNextpeer.os
                0x00001c98                s3eNextpeerTimeLeftInTournament
 .text.s3eNextpeerIsCurrentlyInTournament
                0x00001c9c        0x4 release\s3eNextpeer.os
                0x00001c9c                s3eNextpeerIsCurrentlyInTournament
 .text.s3eNextpeerReportScoreForCurrentTournament
                0x00001ca0        0x4 release\s3eNextpeer.os
                0x00001ca0                s3eNextpeerReportScoreForCurrentTournament
 .text.s3eNextpeerShutDown
                0x00001ca4        0x4 release\s3eNextpeer.os
                0x00001ca4                s3eNextpeerShutDown
 .text.s3eNextpeerDismissDashboard
                0x00001ca8        0x4 release\s3eNextpeer.os
                0x00001ca8                s3eNextpeerDismissDashboard
 .text.s3eNextpeerLaunchDashboardWithCurrencyAmount
                0x00001cac        0x4 release\s3eNextpeer.os
                0x00001cac                s3eNextpeerLaunchDashboardWithCurrencyAmount
 .text.s3eNextpeerLaunchDashboard
                0x00001cb0        0x4 release\s3eNextpeer.os
                0x00001cb0                s3eNextpeerLaunchDashboard
 .text.s3eNextpeerInitWithProductKey
                0x00001cb4        0x4 release\s3eNextpeer.os
                0x00001cb4                s3eNextpeerInitWithProductKey
 .text._Z20s3eNextpeerTerminatev
                0x00001cb8        0x4 release\s3eNextpeer.os
                0x00001cb8                s3eNextpeerTerminate()
 .text._Z15s3eNextpeerInitv
                0x00001cbc        0x4 release\s3eNextpeer.os
                0x00001cbc                s3eNextpeerInit()
 .text._ZL24s3eNextpeerShutDown_wrapv
                0x00001cc0       0x14 release\s3eNextpeer_register.os
 .text._ZL32s3eNextpeerDismissDashboard_wrapv
                0x00001cd4       0x14 release\s3eNextpeer_register.os
 .text._ZL49s3eNextpeerLaunchDashboardWithCurrencyAmount_wrapj
                0x00001ce8       0x18 release\s3eNextpeer_register.os
 .text._ZL31s3eNextpeerLaunchDashboard_wrapv
                0x00001d00       0x14 release\s3eNextpeer_register.os
 .text._ZL34s3eNextpeerInitWithProductKey_wrapPKc
                0x00001d14       0x18 release\s3eNextpeer_register.os
 .text.RegisterExt
                0x00001d2c      0x1d0 release\s3eNextpeer_register.os
                0x00001d2c                RegisterExt
 .text.s3eEdkThreadRunOnOS
                0x00001efc       0x30 C:\Marmalade\7.2\s3e\edk\lib\android\libedk.a(edk_helpers.o)
                0x00001efc                s3eEdkThreadRunOnOS
 .text          0x00001f2c      0xec4 c:/android-ndk-r8b/toolchains/arm-linux-androideabi-4.4.3/prebuilt/windows/bin/../lib/gcc/arm-linux-androideabi/4.4.3\libgcc.a(unwind-arm.o)
                0x00002954                __gnu_Unwind_RaiseException
                0x000024ac                __aeabi_unwind_cpp_pr0
                0x00001fdc                _Unwind_GetCFA
                0x00001f78                _Unwind_VRS_Set
                0x000026f0                __gnu_Unwind_Backtrace
                0x00002a84                _Unwind_VRS_Pop
                0x0000249c                __aeabi_unwind_cpp_pr2
                0x00001fe8                _Unwind_DeleteException
                0x00001fe4                _Unwind_Complete
                0x00002a18                __gnu_Unwind_Resume
                0x000028e0                __gnu_Unwind_ForcedUnwind
                0x000029f8                __gnu_Unwind_Resume_or_Rethrow
                0x00001f2c                _Unwind_VRS_Get
                0x000024a4                __aeabi_unwind_cpp_pr1
 .text          0x00002df0      0x1a8 c:/android-ndk-r8b/toolchains/arm-linux-androideabi-4.4.3/prebuilt/windows/bin/../lib/gcc/arm-linux-androideabi/4.4.3\libgcc.a(libunwind.o)
                0x00002f50                ___Unwind_ForcedUnwind
                0x00002e0c                __gnu_Unwind_Save_VFP
                0x00002f2c                _Unwind_Resume_or_Rethrow
                0x00002f2c                ___Unwind_Resume_or_Rethrow
                0x00002f74                _Unwind_Backtrace
                0x00002df0                __restore_core_regs
                0x00002e2c                __gnu_Unwind_Save_VFP_D_16_to_31
                0x00002e1c                __gnu_Unwind_Save_VFP_D
                0x00002f74                ___Unwind_Backtrace
                0x00002ee4                ___Unwind_RaiseException
                0x00002f08                ___Unwind_Resume
                0x00002e34                __gnu_Unwind_Restore_WMMXD
                0x00002e04                __gnu_Unwind_Restore_VFP
                0x00002f08                _Unwind_Resume
                0x00002e14                __gnu_Unwind_Restore_VFP_D
                0x00002e24                __gnu_Unwind_Restore_VFP_D_16_to_31
                0x00002ee4                _Unwind_RaiseException
                0x00002df0                restore_core_regs
                0x00002ed0                __gnu_Unwind_Save_WMMXC
                0x00002ebc                __gnu_Unwind_Restore_WMMXC
                0x00002f50                _Unwind_ForcedUnwind
                0x00002e78                __gnu_Unwind_Save_WMMXD
 .text          0x00002f98      0x484 c:/android-ndk-r8b/toolchains/arm-linux-androideabi-4.4.3/prebuilt/windows/bin/../lib/gcc/arm-linux-androideabi/4.4.3\libgcc.a(pr-support.o)
                0x00003038                _Unwind_GetRegionStart
                0x00003064                __gnu_unwind_execute
                0x00002ff0                _Unwind_GetTextRelBase
                0x00003000                _Unwind_GetLanguageSpecificData
                0x000033dc                __gnu_unwind_frame
                0x00002ff8                _Unwind_GetDataRelBase
 *(.gnu.warning)
 *(.glue_7t)
 .glue_7t       0x00000000        0x0 linker stubs
 *(.glue_7)
 .glue_7        0x00000000        0x0 linker stubs
 *(.vfp11_veneer)
 .vfp11_veneer  0x00000000        0x0 linker stubs
 *(.v4_bx)
 .v4_bx         0x00000000        0x0 linker stubs

.fini
 *(.fini)
                0x0000341c                PROVIDE (__etext, .)
                0x0000341c                PROVIDE (_etext, .)
                0x0000341c                PROVIDE (etext, .)

.rodata         0x0000341c      0x410
 *(.rodata .rodata.* .gnu.linkonce.r.*)
 .rodata.str1.4
                0x0000341c      0x410 release\s3eNextpeer_platform.os
 .rodata.str1.4
                0x00000000        0xc release\s3eNextpeer_register.os

.rodata1
 *(.rodata1)

.ARM.extab      0x0000382c       0x24
 *(.ARM.extab* .gnu.linkonce.armextab.*)
 .ARM.extab     0x0000382c       0x24 c:/android-ndk-r8b/toolchains/arm-linux-androideabi-4.4.3/prebuilt/windows/bin/../lib/gcc/arm-linux-androideabi/4.4.3\libgcc.a(unwind-arm.o)
                0x00003850                __exidx_start = .

.ARM.exidx      0x00003850       0xe0
 *(.ARM.exidx* .gnu.linkonce.armexidx.*)
 .ARM.exidx     0x00003850        0x8 C:/android-ndk-r8b/platforms/android-9/arch-arm/usr/lib/crtbegin_so.o
 .ARM.exidx     0x00003858       0xa0 c:/android-ndk-r8b/toolchains/arm-linux-androideabi-4.4.3/prebuilt/windows/bin/../lib/gcc/arm-linux-androideabi/4.4.3\libgcc.a(unwind-arm.o)
 .ARM.exidx     0x000038f8       0x38 c:/android-ndk-r8b/toolchains/arm-linux-androideabi-4.4.3/prebuilt/windows/bin/../lib/gcc/arm-linux-androideabi/4.4.3\libgcc.a(pr-support.o)
                0x00003930                __exidx_end = .

.eh_frame_hdr
 *(.eh_frame_hdr)

.eh_frame
 *(.eh_frame)

.gcc_except_table
 *(.gcc_except_table .gcc_except_table.*)
                0x00003930                . = (ALIGN (0x1000) - ((0x1000 - .) & 0xfff))
                0x00004dfc                . = (0x1000 DATA_SEGMENT_ALIGN 0x1000)

.eh_frame
 *(.eh_frame)

.gcc_except_table
 *(.gcc_except_table .gcc_except_table.*)

.tdata
 *(.tdata .tdata.* .gnu.linkonce.td.*)

.tbss
 *(.tbss .tbss.* .gnu.linkonce.tb.*)
 *(.tcommon)

.preinit_array
 *(.preinit_array)

.init_array     0x00004dfc        0x8
 *(SORT(.init_array.*))
 *(.init_array)
 .init_array    0x00004dfc        0x4 C:/android-ndk-r8b/platforms/android-9/arch-arm/usr/lib/crtbegin_so.o
                0x00004dfc                __INIT_ARRAY__
 .init_array    0x00004e00        0x4 C:/android-ndk-r8b/platforms/android-9/arch-arm/usr/lib/crtend_so.o

.fini_array     0x00004e04        0xc
 *(.fini_array)
 .fini_array    0x00004e04        0x8 C:/android-ndk-r8b/platforms/android-9/arch-arm/usr/lib/crtbegin_so.o
                0x00004e04                __FINI_ARRAY__
 .fini_array    0x00004e0c        0x4 C:/android-ndk-r8b/platforms/android-9/arch-arm/usr/lib/crtend_so.o
 *(SORT(.fini_array.*))

.ctors
 *crtbegin.o(.ctors)
 *crtbegin?.o(.ctors)
 *(EXCLUDE_FILE(*crtend?.o *crtend.o) .ctors)
 *(SORT(.ctors.*))
 *(.ctors)

.dtors
 *crtbegin.o(.dtors)
 *crtbegin?.o(.dtors)
 *(EXCLUDE_FILE(*crtend?.o *crtend.o) .dtors)
 *(SORT(.dtors.*))
 *(.dtors)

.jcr
 *(.jcr)

.data.rel.ro    0x00004e10       0x6c
 *(.data.rel.ro.local* .gnu.linkonce.d.rel.ro.local.*)
 *(.data.rel.ro* .gnu.linkonce.d.rel.ro.*)
 .data.rel.ro   0x00004e10       0x6c release\s3eNextpeer_platform.os

.dynamic        0x00004e7c       0xe0
 *(.dynamic)
 .dynamic       0x00004e7c       0xe0 C:/android-ndk-r8b/platforms/android-9/arch-arm/usr/lib/crtbegin_so.o
                0x00004e7c                _DYNAMIC

.got            0x00004f5c       0xa4
 *(.got.plt)
 .got.plt       0x00004f5c       0x3c C:/android-ndk-r8b/platforms/android-9/arch-arm/usr/lib/crtbegin_so.o
                0x00004f5c                _GLOBAL_OFFSET_TABLE_
 *(.got)
 .got           0x00004f98       0x68 C:/android-ndk-r8b/platforms/android-9/arch-arm/usr/lib/crtbegin_so.o
                0x00005000                . = (. DATA_SEGMENT_RELRO_END 0x0)

.data           0x00005000       0x10
                0x00005000                __data_start = .
 *(.data .data.* .gnu.linkonce.d.*)
 .data          0x00005000       0x10 C:/android-ndk-r8b/platforms/android-9/arch-arm/usr/lib/crtbegin_so.o
                0x00005000                __dso_handle

.data1
 *(.data1)
                0x00005010                _edata = .
                0x00005010                PROVIDE (edata, .)
                0x00005010                __bss_start = .
                0x00005010                __bss_start__ = .

.bss            0x00005010       0x48
 *(.dynbss)
 .dynbss        0x00000000        0x0 C:/android-ndk-r8b/platforms/android-9/arch-arm/usr/lib/crtbegin_so.o
 *(.bss .bss.* .gnu.linkonce.b.*)
 .bss           0x00005010       0x48 release\s3eNextpeer_platform.os
 *(COMMON)
                0x00005058                . = ALIGN ((. != 0x0)?0x4:0x1)
                0x00005058                _bss_end__ = .
                0x00005058                __bss_end__ = .
                0x00005058                . = ALIGN (0x4)
                0x00005058                . = ALIGN (0x4)
                0x00005058                __end__ = .
                0x00005058                _end = .
                0x00005058                PROVIDE (end, .)
                0x00005058                . = DATA_SEGMENT_END (.)

.stab
 *(.stab)

.stabstr
 *(.stabstr)

.stab.excl
 *(.stab.excl)

.stab.exclstr
 *(.stab.exclstr)

.stab.index
 *(.stab.index)

.stab.indexstr
 *(.stab.indexstr)

.comment        0x00000000       0x6c
 *(.comment)
 .comment       0x00000000       0x12 release\s3eNextpeer_platform.os
 .comment       0x00000012       0x12 release\s3eNextpeer.os
 .comment       0x00000024       0x12 release\s3eNextpeer_register.os
 .comment       0x00000036       0x12 C:\Marmalade\7.2\s3e\edk\lib\android\libedk.a(edk_helpers.o)
 .comment       0x00000048       0x12 c:/android-ndk-r8b/toolchains/arm-linux-androideabi-4.4.3/prebuilt/windows/bin/../lib/gcc/arm-linux-androideabi/4.4.3\libgcc.a(unwind-arm.o)
 .comment       0x0000005a       0x12 c:/android-ndk-r8b/toolchains/arm-linux-androideabi-4.4.3/prebuilt/windows/bin/../lib/gcc/arm-linux-androideabi/4.4.3\libgcc.a(pr-support.o)

.debug
 *(.debug)

.line
 *(.line)

.debug_srcinfo
 *(.debug_srcinfo)

.debug_sfnames
 *(.debug_sfnames)

.debug_aranges  0x00000000       0x60
 *(.debug_aranges)
 .debug_aranges
                0x00000000       0x20 c:/android-ndk-r8b/toolchains/arm-linux-androideabi-4.4.3/prebuilt/windows/bin/../lib/gcc/arm-linux-androideabi/4.4.3\libgcc.a(unwind-arm.o)
 .debug_aranges
                0x00000020       0x20 c:/android-ndk-r8b/toolchains/arm-linux-androideabi-4.4.3/prebuilt/windows/bin/../lib/gcc/arm-linux-androideabi/4.4.3\libgcc.a(libunwind.o)
 .debug_aranges
                0x00000040       0x20 c:/android-ndk-r8b/toolchains/arm-linux-androideabi-4.4.3/prebuilt/windows/bin/../lib/gcc/arm-linux-androideabi/4.4.3\libgcc.a(pr-support.o)

.debug_pubnames
                0x00000000      0x22e
 *(.debug_pubnames)
 .debug_pubnames
                0x00000000      0x177 c:/android-ndk-r8b/toolchains/arm-linux-androideabi-4.4.3/prebuilt/windows/bin/../lib/gcc/arm-linux-androideabi/4.4.3\libgcc.a(unwind-arm.o)
 .debug_pubnames
                0x00000177       0xb7 c:/android-ndk-r8b/toolchains/arm-linux-androideabi-4.4.3/prebuilt/windows/bin/../lib/gcc/arm-linux-androideabi/4.4.3\libgcc.a(pr-support.o)

.debug_info     0x00000000     0x1b53
 *(.debug_info .gnu.linkonce.wi.*)
 .debug_info    0x00000000     0x1424 c:/android-ndk-r8b/toolchains/arm-linux-androideabi-4.4.3/prebuilt/windows/bin/../lib/gcc/arm-linux-androideabi/4.4.3\libgcc.a(unwind-arm.o)
 .debug_info    0x00001424       0xf9 c:/android-ndk-r8b/toolchains/arm-linux-androideabi-4.4.3/prebuilt/windows/bin/../lib/gcc/arm-linux-androideabi/4.4.3\libgcc.a(libunwind.o)
 .debug_info    0x0000151d      0x636 c:/android-ndk-r8b/toolchains/arm-linux-androideabi-4.4.3/prebuilt/windows/bin/../lib/gcc/arm-linux-androideabi/4.4.3\libgcc.a(pr-support.o)

.debug_abbrev   0x00000000      0x5ef
 *(.debug_abbrev)
 .debug_abbrev  0x00000000      0x3bb c:/android-ndk-r8b/toolchains/arm-linux-androideabi-4.4.3/prebuilt/windows/bin/../lib/gcc/arm-linux-androideabi/4.4.3\libgcc.a(unwind-arm.o)
 .debug_abbrev  0x000003bb       0x14 c:/android-ndk-r8b/toolchains/arm-linux-androideabi-4.4.3/prebuilt/windows/bin/../lib/gcc/arm-linux-androideabi/4.4.3\libgcc.a(libunwind.o)
 .debug_abbrev  0x000003cf      0x220 c:/android-ndk-r8b/toolchains/arm-linux-androideabi-4.4.3/prebuilt/windows/bin/../lib/gcc/arm-linux-androideabi/4.4.3\libgcc.a(pr-support.o)

.debug_line     0x00000000      0x795
 *(.debug_line)
 .debug_line    0x00000000      0x4d2 c:/android-ndk-r8b/toolchains/arm-linux-androideabi-4.4.3/prebuilt/windows/bin/../lib/gcc/arm-linux-androideabi/4.4.3\libgcc.a(unwind-arm.o)
 .debug_line    0x000004d2       0xf1 c:/android-ndk-r8b/toolchains/arm-linux-androideabi-4.4.3/prebuilt/windows/bin/../lib/gcc/arm-linux-androideabi/4.4.3\libgcc.a(libunwind.o)
 .debug_line    0x000005c3      0x1d2 c:/android-ndk-r8b/toolchains/arm-linux-androideabi-4.4.3/prebuilt/windows/bin/../lib/gcc/arm-linux-androideabi/4.4.3\libgcc.a(pr-support.o)

.debug_frame    0x00000000      0x350
 *(.debug_frame)
 .debug_frame   0x00000000      0x248 c:/android-ndk-r8b/toolchains/arm-linux-androideabi-4.4.3/prebuilt/windows/bin/../lib/gcc/arm-linux-androideabi/4.4.3\libgcc.a(unwind-arm.o)
 .debug_frame   0x00000248      0x108 c:/android-ndk-r8b/toolchains/arm-linux-androideabi-4.4.3/prebuilt/windows/bin/../lib/gcc/arm-linux-androideabi/4.4.3\libgcc.a(pr-support.o)

.debug_str      0x00000000      0x9c7
 *(.debug_str)
 .debug_str     0x00000000      0x884 c:/android-ndk-r8b/toolchains/arm-linux-androideabi-4.4.3/prebuilt/windows/bin/../lib/gcc/arm-linux-androideabi/4.4.3\libgcc.a(unwind-arm.o)
                                0x8f4 (size before relaxing)
 .debug_str     0x00000884      0x143 c:/android-ndk-r8b/toolchains/arm-linux-androideabi-4.4.3/prebuilt/windows/bin/../lib/gcc/arm-linux-androideabi/4.4.3\libgcc.a(pr-support.o)
                                0x45a (size before relaxing)

.debug_loc      0x00000000     0x12e8
 *(.debug_loc)
 .debug_loc     0x00000000      0xfef c:/android-ndk-r8b/toolchains/arm-linux-androideabi-4.4.3/prebuilt/windows/bin/../lib/gcc/arm-linux-androideabi/4.4.3\libgcc.a(unwind-arm.o)
 .debug_loc     0x00000fef      0x2f9 c:/android-ndk-r8b/toolchains/arm-linux-androideabi-4.4.3/prebuilt/windows/bin/../lib/gcc/arm-linux-androideabi/4.4.3\libgcc.a(pr-support.o)

.debug_macinfo
 *(.debug_macinfo)

.debug_weaknames
 *(.debug_weaknames)

.debug_funcnames
 *(.debug_funcnames)

.debug_typenames
 *(.debug_typenames)

.debug_varnames
 *(.debug_varnames)

.debug_pubtypes
 *(.debug_pubtypes)

.debug_ranges   0x00000000      0x228
 *(.debug_ranges)
 .debug_ranges  0x00000000      0x1f8 c:/android-ndk-r8b/toolchains/arm-linux-androideabi-4.4.3/prebuilt/windows/bin/../lib/gcc/arm-linux-androideabi/4.4.3\libgcc.a(unwind-arm.o)
 .debug_ranges  0x000001f8       0x30 c:/android-ndk-r8b/toolchains/arm-linux-androideabi-4.4.3/prebuilt/windows/bin/../lib/gcc/arm-linux-androideabi/4.4.3\libgcc.a(pr-support.o)

.gnu.attributes
 *(.gnu.attributes)

.note.gnu.arm.ident
 *(.note.gnu.arm.ident)

/DISCARD/
 *(.note.GNU-stack)
 *(.gnu_debuglink)
OUTPUT(C:\Marmalade\7.2\examples\HelloWorld\s3eNextpeer\lib\android\libs3eNextpeer.so elf32-littlearm)

.ARM.attributes
                0x00000000       0x31
 .ARM.attributes
                0x00000000       0x2d C:/android-ndk-r8b/platforms/android-9/arch-arm/usr/lib/crtbegin_so.o
 .ARM.attributes
                0x0000002d       0x2b release\s3eNextpeer_platform.os
 .ARM.attributes
                0x00000058       0x2b release\s3eNextpeer.os
 .ARM.attributes
                0x00000083       0x2b release\s3eNextpeer_register.os
 .ARM.attributes
                0x000000ae       0x2b C:\Marmalade\7.2\s3e\edk\lib\android\libedk.a(edk_helpers.o)
 .ARM.attributes
                0x000000d9       0x29 c:/android-ndk-r8b/toolchains/arm-linux-androideabi-4.4.3/prebuilt/windows/bin/../lib/gcc/arm-linux-androideabi/4.4.3\libgcc.a(unwind-arm.o)
 .ARM.attributes
                0x00000102       0x19 c:/android-ndk-r8b/toolchains/arm-linux-androideabi-4.4.3/prebuilt/windows/bin/../lib/gcc/arm-linux-androideabi/4.4.3\libgcc.a(libunwind.o)
 .ARM.attributes
                0x0000011b       0x29 c:/android-ndk-r8b/toolchains/arm-linux-androideabi-4.4.3/prebuilt/windows/bin/../lib/gcc/arm-linux-androideabi/4.4.3\libgcc.a(pr-support.o)
 .ARM.attributes
                0x00000144       0x1f C:/android-ndk-r8b/platforms/android-9/arch-arm/usr/lib/crtend_so.o
