Archive member included because of file (symbol)

C:\Marmalade\7.2\s3e\edk\lib\android\libedk.a(IwDebug.o)
                              debug\s3eNextpeer_platform.os (IwDebugTraceSetTraceChannel)
C:\Marmalade\7.2\s3e\edk\lib\android\libedk.a(edk_helpers.o)
                              debug\s3eNextpeer_platform.os (s3eEdkThreadRunOnOS)
c:/android-ndk-r8b/toolchains/arm-linux-androideabi-4.4.3/prebuilt/windows/bin/../lib/gcc/arm-linux-androideabi/4.4.3\libgcc.a(_aeabi_ldivmod.o)
                              C:\Marmalade\7.2\s3e\edk\lib\android\libedk.a(IwDebug.o) (__aeabi_ldivmod)
c:/android-ndk-r8b/toolchains/arm-linux-androideabi-4.4.3/prebuilt/windows/bin/../lib/gcc/arm-linux-androideabi/4.4.3\libgcc.a(bpabi.o)
                              c:/android-ndk-r8b/toolchains/arm-linux-androideabi-4.4.3/prebuilt/windows/bin/../lib/gcc/arm-linux-androideabi/4.4.3\libgcc.a(_aeabi_ldivmod.o) (__gnu_ldivmod_helper)
c:/android-ndk-r8b/toolchains/arm-linux-androideabi-4.4.3/prebuilt/windows/bin/../lib/gcc/arm-linux-androideabi/4.4.3\libgcc.a(unwind-arm.o)
                              C:/android-ndk-r8b/platforms/android-9/arch-arm/usr/lib/crtbegin_so.o (__aeabi_unwind_cpp_pr0)
c:/android-ndk-r8b/toolchains/arm-linux-androideabi-4.4.3/prebuilt/windows/bin/../lib/gcc/arm-linux-androideabi/4.4.3\libgcc.a(libunwind.o)
                              c:/android-ndk-r8b/toolchains/arm-linux-androideabi-4.4.3/prebuilt/windows/bin/../lib/gcc/arm-linux-androideabi/4.4.3\libgcc.a(unwind-arm.o) (restore_core_regs)
c:/android-ndk-r8b/toolchains/arm-linux-androideabi-4.4.3/prebuilt/windows/bin/../lib/gcc/arm-linux-androideabi/4.4.3\libgcc.a(pr-support.o)
                              c:/android-ndk-r8b/toolchains/arm-linux-androideabi-4.4.3/prebuilt/windows/bin/../lib/gcc/arm-linux-androideabi/4.4.3\libgcc.a(unwind-arm.o) (__gnu_unwind_execute)
c:/android-ndk-r8b/toolchains/arm-linux-androideabi-4.4.3/prebuilt/windows/bin/../lib/gcc/arm-linux-androideabi/4.4.3\libgcc.a(_divdi3.o)
                              c:/android-ndk-r8b/toolchains/arm-linux-androideabi-4.4.3/prebuilt/windows/bin/../lib/gcc/arm-linux-androideabi/4.4.3\libgcc.a(bpabi.o) (__divdi3)
c:/android-ndk-r8b/toolchains/arm-linux-androideabi-4.4.3/prebuilt/windows/bin/../lib/gcc/arm-linux-androideabi/4.4.3\libgcc.a(_udivdi3.o)
                              c:/android-ndk-r8b/toolchains/arm-linux-androideabi-4.4.3/prebuilt/windows/bin/../lib/gcc/arm-linux-androideabi/4.4.3\libgcc.a(bpabi.o) (__udivdi3)
c:/android-ndk-r8b/toolchains/arm-linux-androideabi-4.4.3/prebuilt/windows/bin/../lib/gcc/arm-linux-androideabi/4.4.3\libgcc.a(_udivsi3.o)
                              c:/android-ndk-r8b/toolchains/arm-linux-androideabi-4.4.3/prebuilt/windows/bin/../lib/gcc/arm-linux-androideabi/4.4.3\libgcc.a(_divdi3.o) (__aeabi_uidiv)
c:/android-ndk-r8b/toolchains/arm-linux-androideabi-4.4.3/prebuilt/windows/bin/../lib/gcc/arm-linux-androideabi/4.4.3\libgcc.a(_dvmd_lnx.o)
                              c:/android-ndk-r8b/toolchains/arm-linux-androideabi-4.4.3/prebuilt/windows/bin/../lib/gcc/arm-linux-androideabi/4.4.3\libgcc.a(_udivsi3.o) (__div0)

Discarded input sections

 .ARM.extab     0x00000000        0x0 C:/android-ndk-r8b/platforms/android-9/arch-arm/usr/lib/crtbegin_so.o
 .bss           0x00000000        0x0 C:/android-ndk-r8b/platforms/android-9/arch-arm/usr/lib/crtbegin_so.o
 .note.GNU-stack
                0x00000000        0x0 C:/android-ndk-r8b/platforms/android-9/arch-arm/usr/lib/crtbegin_so.o
 _ZN7_JNIEnv9FindClassEPKc
                0x00000000        0x0 debug\s3eNextpeer_platform.os
 _ZN7_JNIEnv17ExceptionOccurredEv
                0x00000000        0x0 debug\s3eNextpeer_platform.os
 _ZN7_JNIEnv17ExceptionDescribeEv
                0x00000000        0x0 debug\s3eNextpeer_platform.os
 _ZN7_JNIEnv14ExceptionClearEv
                0x00000000        0x0 debug\s3eNextpeer_platform.os
 _ZN7_JNIEnv12NewGlobalRefEP8_jobject
                0x00000000        0x0 debug\s3eNextpeer_platform.os
 _ZN7_JNIEnv15DeleteGlobalRefEP8_jobject
                0x00000000        0x0 debug\s3eNextpeer_platform.os
 _ZN7_JNIEnv14DeleteLocalRefEP8_jobject
                0x00000000        0x0 debug\s3eNextpeer_platform.os
 _ZN7_JNIEnv9NewObjectEP7_jclassP10_jmethodIDz
                0x00000000        0x0 debug\s3eNextpeer_platform.os
 _ZN7_JNIEnv11GetMethodIDEP7_jclassPKcS3_
                0x00000000        0x0 debug\s3eNextpeer_platform.os
 _ZN7_JNIEnv16CallObjectMethodEP8_jobjectP10_jmethodIDz
                0x00000000        0x0 debug\s3eNextpeer_platform.os
 _ZN7_JNIEnv17CallBooleanMethodEP8_jobjectP10_jmethodIDz
                0x00000000        0x0 debug\s3eNextpeer_platform.os
 _ZN7_JNIEnv13CallIntMethodEP8_jobjectP10_jmethodIDz
                0x00000000        0x0 debug\s3eNextpeer_platform.os
 _ZN7_JNIEnv14CallVoidMethodEP8_jobjectP10_jmethodIDz
                0x00000000        0x0 debug\s3eNextpeer_platform.os
 _ZN7_JNIEnv12NewStringUTFEPKc
                0x00000000        0x0 debug\s3eNextpeer_platform.os
 _ZN7_JNIEnv17GetStringUTFCharsEP8_jstringPh
                0x00000000        0x0 debug\s3eNextpeer_platform.os
 _ZN7_JNIEnv21ReleaseStringUTFCharsEP8_jstringPKc
                0x00000000        0x0 debug\s3eNextpeer_platform.os
 _ZN7_JNIEnv12NewByteArrayEi
                0x00000000        0x0 debug\s3eNextpeer_platform.os
 _ZN7_JNIEnv18SetByteArrayRegionEP11_jbyteArrayiiPKa
                0x00000000        0x0 debug\s3eNextpeer_platform.os
 _ZN7_JNIEnv15RegisterNativesEP7_jclassPK15JNINativeMethodi
                0x00000000        0x0 debug\s3eNextpeer_platform.os
 _ZN7_JavaVM6GetEnvEPPvi
                0x00000000        0x0 debug\s3eNextpeer_platform.os
 .text          0x00000000        0x0 debug\s3eNextpeer_platform.os
 .text._Z41s3eNextpeerIsNextpeerInitialised_platformv
                0x00000000        0x0 debug\s3eNextpeer_platform.os
 .text._Z39s3eNextpeerIsNextpeerSupported_platformv
                0x00000000        0x0 debug\s3eNextpeer_platform.os
 .note.GNU-stack
                0x00000000        0x0 debug\s3eNextpeer_platform.os
 .text          0x00000000        0x0 debug\s3eNextpeer.os
 .data          0x00000000        0x0 debug\s3eNextpeer.os
 .bss           0x00000000        0x0 debug\s3eNextpeer.os
 .text._Z32s3eNextpeerIsNextpeerInitialisedv
                0x00000000        0x0 debug\s3eNextpeer.os
 .text._Z30s3eNextpeerIsNextpeerSupportedv
                0x00000000        0x0 debug\s3eNextpeer.os
 .note.GNU-stack
                0x00000000        0x0 debug\s3eNextpeer.os
 .text          0x00000000        0x0 debug\s3eNextpeer_register.os
 .data          0x00000000        0x0 debug\s3eNextpeer_register.os
 .bss           0x00000000        0x0 debug\s3eNextpeer_register.os
 .note.GNU-stack
                0x00000000        0x0 debug\s3eNextpeer_register.os
 .text          0x00000000        0x0 C:\Marmalade\7.2\s3e\edk\lib\android\libedk.a(IwDebug.o)
 .data          0x00000000        0x0 C:\Marmalade\7.2\s3e\edk\lib\android\libedk.a(IwDebug.o)
 .text.IwAssertRegisterTextCallback
                0x00000000        0x0 C:\Marmalade\7.2\s3e\edk\lib\android\libedk.a(IwDebug.o)
 .text.IwAssertRegisterCallback
                0x00000000        0x0 C:\Marmalade\7.2\s3e\edk\lib\android\libedk.a(IwDebug.o)
 .text.IwDebugErrorRegisterCallback
                0x00000000        0x0 C:\Marmalade\7.2\s3e\edk\lib\android\libedk.a(IwDebug.o)
 .text.IwDebugAssertSetUID
                0x00000000        0x0 C:\Marmalade\7.2\s3e\edk\lib\android\libedk.a(IwDebug.o)
 .text.IwDebugClearConfigCache
                0x00000000        0x0 C:\Marmalade\7.2\s3e\edk\lib\android\libedk.a(IwDebug.o)
 .text.IwDebugErrorShow
                0x00000000        0x0 C:\Marmalade\7.2\s3e\edk\lib\android\libedk.a(IwDebug.o)
 .text.IwDebugTraceLineVPrintf
                0x00000000        0x0 C:\Marmalade\7.2\s3e\edk\lib\android\libedk.a(IwDebug.o)
 .text.IwDebugAssertIsChannelOn
                0x00000000        0x0 C:\Marmalade\7.2\s3e\edk\lib\android\libedk.a(IwDebug.o)
 .text.IwDebugTraceDisable
                0x00000000        0x0 C:\Marmalade\7.2\s3e\edk\lib\android\libedk.a(IwDebug.o)
 .text.IwDebugAssertSetMessage
                0x00000000        0x0 C:\Marmalade\7.2\s3e\edk\lib\android\libedk.a(IwDebug.o)
 .text.IwDebugAssertSetSolution
                0x00000000        0x0 C:\Marmalade\7.2\s3e\edk\lib\android\libedk.a(IwDebug.o)
 .text.IwDebugAssertShow
                0x00000000        0x0 C:\Marmalade\7.2\s3e\edk\lib\android\libedk.a(IwDebug.o)
 .text.IwDebugTraceChannelSwitch
                0x00000000        0x0 C:\Marmalade\7.2\s3e\edk\lib\android\libedk.a(IwDebug.o)
 .note.GNU-stack
                0x00000000        0x0 C:\Marmalade\7.2\s3e\edk\lib\android\libedk.a(IwDebug.o)
 .text          0x00000000        0x0 C:\Marmalade\7.2\s3e\edk\lib\android\libedk.a(edk_helpers.o)
 .data          0x00000000        0x0 C:\Marmalade\7.2\s3e\edk\lib\android\libedk.a(edk_helpers.o)
 .bss           0x00000000        0x0 C:\Marmalade\7.2\s3e\edk\lib\android\libedk.a(edk_helpers.o)
 .text.s3eEdkThreadRunOnOSAsync
                0x00000000        0x0 C:\Marmalade\7.2\s3e\edk\lib\android\libedk.a(edk_helpers.o)
 .text.s3eEdkErrorSetString
                0x00000000        0x0 C:\Marmalade\7.2\s3e\edk\lib\android\libedk.a(edk_helpers.o)
 .note.GNU-stack
                0x00000000        0x0 C:\Marmalade\7.2\s3e\edk\lib\android\libedk.a(edk_helpers.o)
 .data          0x00000000        0x0 c:/android-ndk-r8b/toolchains/arm-linux-androideabi-4.4.3/prebuilt/windows/bin/../lib/gcc/arm-linux-androideabi/4.4.3\libgcc.a(_aeabi_ldivmod.o)
 .bss           0x00000000        0x0 c:/android-ndk-r8b/toolchains/arm-linux-androideabi-4.4.3/prebuilt/windows/bin/../lib/gcc/arm-linux-androideabi/4.4.3\libgcc.a(_aeabi_ldivmod.o)
 .note.GNU-stack
                0x00000000        0x0 c:/android-ndk-r8b/toolchains/arm-linux-androideabi-4.4.3/prebuilt/windows/bin/../lib/gcc/arm-linux-androideabi/4.4.3\libgcc.a(_aeabi_ldivmod.o)
 .data          0x00000000        0x0 c:/android-ndk-r8b/toolchains/arm-linux-androideabi-4.4.3/prebuilt/windows/bin/../lib/gcc/arm-linux-androideabi/4.4.3\libgcc.a(bpabi.o)
 .bss           0x00000000        0x0 c:/android-ndk-r8b/toolchains/arm-linux-androideabi-4.4.3/prebuilt/windows/bin/../lib/gcc/arm-linux-androideabi/4.4.3\libgcc.a(bpabi.o)
 .ARM.extab     0x00000000        0x0 c:/android-ndk-r8b/toolchains/arm-linux-androideabi-4.4.3/prebuilt/windows/bin/../lib/gcc/arm-linux-androideabi/4.4.3\libgcc.a(bpabi.o)
 .note.GNU-stack
                0x00000000        0x0 c:/android-ndk-r8b/toolchains/arm-linux-androideabi-4.4.3/prebuilt/windows/bin/../lib/gcc/arm-linux-androideabi/4.4.3\libgcc.a(bpabi.o)
 .data          0x00000000        0x0 c:/android-ndk-r8b/toolchains/arm-linux-androideabi-4.4.3/prebuilt/windows/bin/../lib/gcc/arm-linux-androideabi/4.4.3\libgcc.a(unwind-arm.o)
 .bss           0x00000000        0x0 c:/android-ndk-r8b/toolchains/arm-linux-androideabi-4.4.3/prebuilt/windows/bin/../lib/gcc/arm-linux-androideabi/4.4.3\libgcc.a(unwind-arm.o)
 .note.GNU-stack
                0x00000000        0x0 c:/android-ndk-r8b/toolchains/arm-linux-androideabi-4.4.3/prebuilt/windows/bin/../lib/gcc/arm-linux-androideabi/4.4.3\libgcc.a(unwind-arm.o)
 .data          0x00000000        0x0 c:/android-ndk-r8b/toolchains/arm-linux-androideabi-4.4.3/prebuilt/windows/bin/../lib/gcc/arm-linux-androideabi/4.4.3\libgcc.a(libunwind.o)
 .bss           0x00000000        0x0 c:/android-ndk-r8b/toolchains/arm-linux-androideabi-4.4.3/prebuilt/windows/bin/../lib/gcc/arm-linux-androideabi/4.4.3\libgcc.a(libunwind.o)
 .note.GNU-stack
                0x00000000        0x0 c:/android-ndk-r8b/toolchains/arm-linux-androideabi-4.4.3/prebuilt/windows/bin/../lib/gcc/arm-linux-androideabi/4.4.3\libgcc.a(libunwind.o)
 .data          0x00000000        0x0 c:/android-ndk-r8b/toolchains/arm-linux-androideabi-4.4.3/prebuilt/windows/bin/../lib/gcc/arm-linux-androideabi/4.4.3\libgcc.a(pr-support.o)
 .bss           0x00000000        0x0 c:/android-ndk-r8b/toolchains/arm-linux-androideabi-4.4.3/prebuilt/windows/bin/../lib/gcc/arm-linux-androideabi/4.4.3\libgcc.a(pr-support.o)
 .ARM.extab     0x00000000        0x0 c:/android-ndk-r8b/toolchains/arm-linux-androideabi-4.4.3/prebuilt/windows/bin/../lib/gcc/arm-linux-androideabi/4.4.3\libgcc.a(pr-support.o)
 .note.GNU-stack
                0x00000000        0x0 c:/android-ndk-r8b/toolchains/arm-linux-androideabi-4.4.3/prebuilt/windows/bin/../lib/gcc/arm-linux-androideabi/4.4.3\libgcc.a(pr-support.o)
 .data          0x00000000        0x0 c:/android-ndk-r8b/toolchains/arm-linux-androideabi-4.4.3/prebuilt/windows/bin/../lib/gcc/arm-linux-androideabi/4.4.3\libgcc.a(_divdi3.o)
 .bss           0x00000000        0x0 c:/android-ndk-r8b/toolchains/arm-linux-androideabi-4.4.3/prebuilt/windows/bin/../lib/gcc/arm-linux-androideabi/4.4.3\libgcc.a(_divdi3.o)
 .ARM.extab     0x00000000        0x0 c:/android-ndk-r8b/toolchains/arm-linux-androideabi-4.4.3/prebuilt/windows/bin/../lib/gcc/arm-linux-androideabi/4.4.3\libgcc.a(_divdi3.o)
 .note.GNU-stack
                0x00000000        0x0 c:/android-ndk-r8b/toolchains/arm-linux-androideabi-4.4.3/prebuilt/windows/bin/../lib/gcc/arm-linux-androideabi/4.4.3\libgcc.a(_divdi3.o)
 .data          0x00000000        0x0 c:/android-ndk-r8b/toolchains/arm-linux-androideabi-4.4.3/prebuilt/windows/bin/../lib/gcc/arm-linux-androideabi/4.4.3\libgcc.a(_udivdi3.o)
 .bss           0x00000000        0x0 c:/android-ndk-r8b/toolchains/arm-linux-androideabi-4.4.3/prebuilt/windows/bin/../lib/gcc/arm-linux-androideabi/4.4.3\libgcc.a(_udivdi3.o)
 .ARM.extab     0x00000000        0x0 c:/android-ndk-r8b/toolchains/arm-linux-androideabi-4.4.3/prebuilt/windows/bin/../lib/gcc/arm-linux-androideabi/4.4.3\libgcc.a(_udivdi3.o)
 .note.GNU-stack
                0x00000000        0x0 c:/android-ndk-r8b/toolchains/arm-linux-androideabi-4.4.3/prebuilt/windows/bin/../lib/gcc/arm-linux-androideabi/4.4.3\libgcc.a(_udivdi3.o)
 .data          0x00000000        0x0 c:/android-ndk-r8b/toolchains/arm-linux-androideabi-4.4.3/prebuilt/windows/bin/../lib/gcc/arm-linux-androideabi/4.4.3\libgcc.a(_udivsi3.o)
 .bss           0x00000000        0x0 c:/android-ndk-r8b/toolchains/arm-linux-androideabi-4.4.3/prebuilt/windows/bin/../lib/gcc/arm-linux-androideabi/4.4.3\libgcc.a(_udivsi3.o)
 .note.GNU-stack
                0x00000000        0x0 c:/android-ndk-r8b/toolchains/arm-linux-androideabi-4.4.3/prebuilt/windows/bin/../lib/gcc/arm-linux-androideabi/4.4.3\libgcc.a(_udivsi3.o)
 .data          0x00000000        0x0 c:/android-ndk-r8b/toolchains/arm-linux-androideabi-4.4.3/prebuilt/windows/bin/../lib/gcc/arm-linux-androideabi/4.4.3\libgcc.a(_dvmd_lnx.o)
 .bss           0x00000000        0x0 c:/android-ndk-r8b/toolchains/arm-linux-androideabi-4.4.3/prebuilt/windows/bin/../lib/gcc/arm-linux-androideabi/4.4.3\libgcc.a(_dvmd_lnx.o)
 .note.GNU-stack
                0x00000000        0x0 c:/android-ndk-r8b/toolchains/arm-linux-androideabi-4.4.3/prebuilt/windows/bin/../lib/gcc/arm-linux-androideabi/4.4.3\libgcc.a(_dvmd_lnx.o)
 .text          0x00000000        0x0 C:/android-ndk-r8b/platforms/android-9/arch-arm/usr/lib/crtend_so.o
 .data          0x00000000        0x0 C:/android-ndk-r8b/platforms/android-9/arch-arm/usr/lib/crtend_so.o
 .bss           0x00000000        0x0 C:/android-ndk-r8b/platforms/android-9/arch-arm/usr/lib/crtend_so.o
 .note.GNU-stack
                0x00000000        0x0 C:/android-ndk-r8b/platforms/android-9/arch-arm/usr/lib/crtend_so.o

Memory Configuration

Name             Origin             Length             Attributes
*default*        0x00000000         0xffffffff

Linker script and memory map

LOAD C:/android-ndk-r8b/platforms/android-9/arch-arm/usr/lib/crtbegin_so.o
LOAD debug\s3eNextpeer_platform.os
LOAD debug\s3eNextpeer.os
LOAD debug\s3eNextpeer_register.os
LOAD C:\Marmalade\7.2\s3e\edk\lib\android\libedk.a
LOAD C:\Marmalade\7.2\s3e\edk\lib\android/libplaceholderplaceholderplaceholderplaceholderplaceholder.so
LOAD C:\android-ndk-r8b\platforms\android-9\arch-arm\usr\lib/liblog.so
LOAD C:\android-ndk-r8b\sources\cxx-stl\gnu-libstdc++\4.4.3\libs\armeabi\libgnustl_static.a
LOAD c:/android-ndk-r8b/toolchains/arm-linux-androideabi-4.4.3/prebuilt/windows/bin/../lib/gcc/arm-linux-androideabi/4.4.3\libgcc.a
LOAD C:\android-ndk-r8b\platforms\android-9\arch-arm\usr\lib/libstdc++.so
LOAD C:\android-ndk-r8b\platforms\android-9\arch-arm\usr\lib/libm.so
LOAD C:\android-ndk-r8b\platforms\android-9\arch-arm\usr\lib/libc.so
LOAD c:/android-ndk-r8b/toolchains/arm-linux-androideabi-4.4.3/prebuilt/windows/bin/../lib/gcc/arm-linux-androideabi/4.4.3\libgcc.a
LOAD C:\android-ndk-r8b\platforms\android-9\arch-arm\usr\lib/libc.so
LOAD C:\android-ndk-r8b\platforms\android-9\arch-arm\usr\lib/libdl.so
LOAD c:/android-ndk-r8b/toolchains/arm-linux-androideabi-4.4.3/prebuilt/windows/bin/../lib/gcc/arm-linux-androideabi/4.4.3\libgcc.a
LOAD C:/android-ndk-r8b/platforms/android-9/arch-arm/usr/lib/crtend_so.o
                0x000000f4                . = (0x0 + SIZEOF_HEADERS)

.note.gnu.build-id
 *(.note.gnu.build-id)

.hash           0x000000f4      0x32c
 *(.hash)
 .hash          0x000000f4      0x32c C:/android-ndk-r8b/platforms/android-9/arch-arm/usr/lib/crtbegin_so.o

.gnu.hash
 *(.gnu.hash)

.dynsym         0x00000420      0x680
 *(.dynsym)
 .dynsym        0x00000420      0x680 C:/android-ndk-r8b/platforms/android-9/arch-arm/usr/lib/crtbegin_so.o

.dynstr         0x00000aa0      0x6ab
 *(.dynstr)
 .dynstr        0x00000aa0      0x6ab C:/android-ndk-r8b/platforms/android-9/arch-arm/usr/lib/crtbegin_so.o

.gnu.version    0x0000114c        0x0 load address 0x0000114b
 *(.gnu.version)
 .gnu.version   0x00000000        0x0 C:/android-ndk-r8b/platforms/android-9/arch-arm/usr/lib/crtbegin_so.o

.gnu.version_d  0x0000114c        0x0 load address 0x0000114b
 *(.gnu.version_d)
 .gnu.version_d
                0x00000000        0x0 C:/android-ndk-r8b/platforms/android-9/arch-arm/usr/lib/crtbegin_so.o

.gnu.version_r  0x0000114c        0x0 load address 0x0000114b
 *(.gnu.version_r)
 .gnu.version_r
                0x00000000        0x0 C:/android-ndk-r8b/platforms/android-9/arch-arm/usr/lib/crtbegin_so.o

.rel.dyn        0x0000114c      0x1b0
 *(.rel.init)
 *(.rel.text .rel.text.* .rel.gnu.linkonce.t.*)
 .rel.text      0x0000114c       0x10 C:/android-ndk-r8b/platforms/android-9/arch-arm/usr/lib/crtbegin_so.o
 *(.rel.fini)
 *(.rel.rodata .rel.rodata.* .rel.gnu.linkonce.r.*)
 *(.rel.data.rel.ro* .rel.gnu.linkonce.d.rel.ro.*)
 .rel.data.rel.ro
                0x0000115c       0xd8 C:/android-ndk-r8b/platforms/android-9/arch-arm/usr/lib/crtbegin_so.o
 *(.rel.data .rel.data.* .rel.gnu.linkonce.d.*)
 .rel.data      0x00001234        0x8 C:/android-ndk-r8b/platforms/android-9/arch-arm/usr/lib/crtbegin_so.o
 *(.rel.tdata .rel.tdata.* .rel.gnu.linkonce.td.*)
 *(.rel.tbss .rel.tbss.* .rel.gnu.linkonce.tb.*)
 *(.rel.ctors)
 *(.rel.dtors)
 *(.rel.got)
 .rel.got       0x0000123c       0xb0 C:/android-ndk-r8b/platforms/android-9/arch-arm/usr/lib/crtbegin_so.o
 *(.rel.bss .rel.bss.* .rel.gnu.linkonce.b.*)
 .rel.fini_array
                0x000012ec        0x8 C:/android-ndk-r8b/platforms/android-9/arch-arm/usr/lib/crtbegin_so.o
 .rel.init_array
                0x000012f4        0x8 C:/android-ndk-r8b/platforms/android-9/arch-arm/usr/lib/crtbegin_so.o

.rela.dyn
 *(.rela.init)
 *(.rela.text .rela.text.* .rela.gnu.linkonce.t.*)
 *(.rela.fini)
 *(.rela.rodata .rela.rodata.* .rela.gnu.linkonce.r.*)
 *(.rela.data .rela.data.* .rela.gnu.linkonce.d.*)
 *(.rela.tdata .rela.tdata.* .rela.gnu.linkonce.td.*)
 *(.rela.tbss .rela.tbss.* .rela.gnu.linkonce.tb.*)
 *(.rela.ctors)
 *(.rela.dtors)
 *(.rela.got)
 *(.rela.bss .rela.bss.* .rela.gnu.linkonce.b.*)

.rel.plt        0x000012fc       0xe0
 *(.rel.plt)
 .rel.plt       0x000012fc       0xe0 C:/android-ndk-r8b/platforms/android-9/arch-arm/usr/lib/crtbegin_so.o

.rela.plt
 *(.rela.plt)

.init
 *(.init)

.plt            0x000013dc      0x164
 *(.plt)
 .plt           0x000013dc      0x164 C:/android-ndk-r8b/platforms/android-9/arch-arm/usr/lib/crtbegin_so.o

.text           0x00001540     0x42c8
 *(.text .stub .text.* .gnu.linkonce.t.*)
 .text          0x00001540       0x28 C:/android-ndk-r8b/platforms/android-9/arch-arm/usr/lib/crtbegin_so.o
                0x00001550                atexit
 .text._ZN7_JNIEnv9FindClassEPKc
                0x00001568       0x38 debug\s3eNextpeer_platform.os
                0x00001568                _JNIEnv::FindClass(char const*)
 .text._ZN7_JNIEnv17ExceptionOccurredEv
                0x000015a0       0x30 debug\s3eNextpeer_platform.os
                0x000015a0                _JNIEnv::ExceptionOccurred()
 .text._ZN7_JNIEnv17ExceptionDescribeEv
                0x000015d0       0x28 debug\s3eNextpeer_platform.os
                0x000015d0                _JNIEnv::ExceptionDescribe()
 .text._ZN7_JNIEnv14ExceptionClearEv
                0x000015f8       0x28 debug\s3eNextpeer_platform.os
                0x000015f8                _JNIEnv::ExceptionClear()
 .text._ZN7_JNIEnv12NewGlobalRefEP8_jobject
                0x00001620       0x38 debug\s3eNextpeer_platform.os
                0x00001620                _JNIEnv::NewGlobalRef(_jobject*)
 .text._ZN7_JNIEnv15DeleteGlobalRefEP8_jobject
                0x00001658       0x30 debug\s3eNextpeer_platform.os
                0x00001658                _JNIEnv::DeleteGlobalRef(_jobject*)
 .text._ZN7_JNIEnv14DeleteLocalRefEP8_jobject
                0x00001688       0x30 debug\s3eNextpeer_platform.os
                0x00001688                _JNIEnv::DeleteLocalRef(_jobject*)
 .text._ZN7_JNIEnv9NewObjectEP7_jclassP10_jmethodIDz
                0x000016b8       0x5c debug\s3eNextpeer_platform.os
                0x000016b8                _JNIEnv::NewObject(_jclass*, _jmethodID*, ...)
 .text._ZN7_JNIEnv11GetMethodIDEP7_jclassPKcS3_
                0x00001714       0x48 debug\s3eNextpeer_platform.os
                0x00001714                _JNIEnv::GetMethodID(_jclass*, char const*, char const*)
 .text._ZN7_JNIEnv16CallObjectMethodEP8_jobjectP10_jmethodIDz
                0x0000175c       0x5c debug\s3eNextpeer_platform.os
                0x0000175c                _JNIEnv::CallObjectMethod(_jobject*, _jmethodID*, ...)
 .text._ZN7_JNIEnv17CallBooleanMethodEP8_jobjectP10_jmethodIDz
                0x000017b8       0x5c debug\s3eNextpeer_platform.os
                0x000017b8                _JNIEnv::CallBooleanMethod(_jobject*, _jmethodID*, ...)
 .text._ZN7_JNIEnv13CallIntMethodEP8_jobjectP10_jmethodIDz
                0x00001814       0x5c debug\s3eNextpeer_platform.os
                0x00001814                _JNIEnv::CallIntMethod(_jobject*, _jmethodID*, ...)
 .text._ZN7_JNIEnv14CallVoidMethodEP8_jobjectP10_jmethodIDz
                0x00001870       0x4c debug\s3eNextpeer_platform.os
                0x00001870                _JNIEnv::CallVoidMethod(_jobject*, _jmethodID*, ...)
 .text._ZN7_JNIEnv12NewStringUTFEPKc
                0x000018bc       0x38 debug\s3eNextpeer_platform.os
                0x000018bc                _JNIEnv::NewStringUTF(char const*)
 .text._ZN7_JNIEnv17GetStringUTFCharsEP8_jstringPh
                0x000018f4       0x40 debug\s3eNextpeer_platform.os
                0x000018f4                _JNIEnv::GetStringUTFChars(_jstring*, unsigned char*)
 .text._ZN7_JNIEnv21ReleaseStringUTFCharsEP8_jstringPKc
                0x00001934       0x38 debug\s3eNextpeer_platform.os
                0x00001934                _JNIEnv::ReleaseStringUTFChars(_jstring*, char const*)
 .text._ZN7_JNIEnv12NewByteArrayEi
                0x0000196c       0x38 debug\s3eNextpeer_platform.os
                0x0000196c                _JNIEnv::NewByteArray(int)
 .text._ZN7_JNIEnv18SetByteArrayRegionEP11_jbyteArrayiiPKa
                0x000019a4       0x48 debug\s3eNextpeer_platform.os
                0x000019a4                _JNIEnv::SetByteArrayRegion(_jbyteArray*, int, int, signed char const*)
 .text._ZN7_JNIEnv15RegisterNativesEP7_jclassPK15JNINativeMethodi
                0x000019ec       0x48 debug\s3eNextpeer_platform.os
                0x000019ec                _JNIEnv::RegisterNatives(_jclass*, JNINativeMethod const*, int)
 .text._ZN7_JavaVM6GetEnvEPPvi
                0x00001a34       0x40 debug\s3eNextpeer_platform.os
                0x00001a34                _JavaVM::GetEnv(void**, int)
 .text._ZL15s3eEdkJNIGetEnvv
                0x00001a74       0x44 debug\s3eNextpeer_platform.os
 .text._ZL27s3eEdkAndroidFindClass_realPKc
                0x00001ab8       0xa4 debug\s3eNextpeer_platform.os
 .text._ZL22s3eEdkAndroidFindClassPKc
                0x00001b5c       0x38 debug\s3eNextpeer_platform.os
 .text._Z7cleanupjiPvS_iS_
                0x00001b94       0x24 debug\s3eNextpeer_platform.os
                0x00001b94                cleanup(unsigned int, int, void*, void*, int, void*)
 .text._Z10getCStringP7_JNIEnvP8_jstring
                0x00001bb8       0xac debug\s3eNextpeer_platform.os
                0x00001bb8                getCString(_JNIEnv*, _jstring*)
 .text._Z22onNextpeerAppearCalledv
                0x00001c64       0xb0 debug\s3eNextpeer_platform.os
                0x00001c64                onNextpeerAppearCalled()
 .text._Z25onNextpeerDisappearCalledv
                0x00001d14       0xb0 debug\s3eNextpeer_platform.os
                0x00001d14                onNextpeerDisappearCalled()
 .text._Z28onNextpeerReturnToGameCalledv
                0x00001dc4       0xb0 debug\s3eNextpeer_platform.os
                0x00001dc4                onNextpeerReturnToGameCalled()
 .text._Z31onReceiveTournamentStatusCalledP7_JNIEnvP8_jobjectP8_jstring
                0x00001e74       0x78 debug\s3eNextpeer_platform.os
                0x00001e74                onReceiveTournamentStatusCalled(_JNIEnv*, _jobject*, _jstring*)
 .text._Z26onSupportsTournamentCalledP7_JNIEnvP8_jobjectP8_jstring
                0x00001eec       0xe8 debug\s3eNextpeer_platform.os
                0x00001eec                onSupportsTournamentCalled(_JNIEnv*, _jobject*, _jstring*)
 .text._Z23onTournamentStartCalledP7_JNIEnvP8_jobjectP8_jstring
                0x00001fd4       0xe8 debug\s3eNextpeer_platform.os
                0x00001fd4                onTournamentStartCalled(_JNIEnv*, _jobject*, _jstring*)
 .text._Z21onTournamentEndCalledP7_JNIEnvP8_jobjectP8_jstring
                0x000020bc       0xe8 debug\s3eNextpeer_platform.os
                0x000020bc                onTournamentEndCalled(_JNIEnv*, _jobject*, _jstring*)
 .text._Z38onReceiveTournamentCustomMessageCalledP7_JNIEnvP8_jobjectS2_
                0x000021a4       0x78 debug\s3eNextpeer_platform.os
                0x000021a4                onReceiveTournamentCustomMessageCalled(_JNIEnv*, _jobject*, _jobject*)
 .text._Z48onReceiveUnreliableTournamentCustomMessageCalledP7_JNIEnvP8_jobjectS2_
                0x0000221c       0x78 debug\s3eNextpeer_platform.os
                0x0000221c                onReceiveUnreliableTournamentCustomMessageCalled(_JNIEnv*, _jobject*, _jobject*)
 .text._Z24s3eNextpeerInit_platformv
                0x00002294      0x79c debug\s3eNextpeer_platform.os
                0x00002294                s3eNextpeerInit_platform()
 .text._Z29s3eNextpeerTerminate_platformv
                0x00002a30        0x4 debug\s3eNextpeer_platform.os
                0x00002a30                s3eNextpeerTerminate_platform()
 .text._Z48s3eNextpeerChangeCurrentPlayerAvatarUrl_platformPc
                0x00002a34       0xd8 debug\s3eNextpeer_platform.os
                0x00002a34                s3eNextpeerChangeCurrentPlayerAvatarUrl_platform(char*)
 .text._Z43s3eNextpeerChangeCurrentPlayerName_platformPc
                0x00002b0c       0xd8 debug\s3eNextpeer_platform.os
                0x00002b0c                s3eNextpeerChangeCurrentPlayerName_platform(char*)
 .text._Z40s3eNextpeerEnableRankingDisplay_platformb
                0x00002be4       0x50 debug\s3eNextpeer_platform.os
                0x00002be4                s3eNextpeerEnableRankingDisplay_platform(bool)
 .text._Z43s3eNextpeerGetCurrentPlayerDetails_platformv
                0x00002c34       0xc4 debug\s3eNextpeer_platform.os
                0x00002c34                s3eNextpeerGetCurrentPlayerDetails_platform()
 .text._Z38s3eNextpeerGetNextpeerVersion_platformv
                0x00002cf8       0x54 debug\s3eNextpeer_platform.os
                0x00002cf8                s3eNextpeerGetNextpeerVersion_platform()
 .text._Z43s3eNextpeerIsCurrentlyInTournament_platformv
                0x00002d4c       0x64 debug\s3eNextpeer_platform.os
                0x00002d4c                s3eNextpeerIsCurrentlyInTournament_platform()
 .text._Z35s3eNextpeerLaunchDashboard_platformv
                0x00002db0       0x4c debug\s3eNextpeer_platform.os
                0x00002db0                s3eNextpeerLaunchDashboard_platform()
 .text._Z42s3eNextpeerPushDataToOtherPlayers_platformPvj
                0x00002dfc       0x9c debug\s3eNextpeer_platform.os
                0x00002dfc                s3eNextpeerPushDataToOtherPlayers_platform(void*, unsigned int)
 .text._Z59s3eNextpeerReportControlledTournamentOverWithScore_platformj
                0x00002e98       0x54 debug\s3eNextpeer_platform.os
                0x00002e98                s3eNextpeerReportControlledTournamentOverWithScore_platform(unsigned int)
 .text._Z53s3eNextpeerReportForfeitForCurrentTournament_platformv
                0x00002eec       0x4c debug\s3eNextpeer_platform.os
                0x00002eec                s3eNextpeerReportForfeitForCurrentTournament_platform()
 .text._Z51s3eNextpeerReportScoreForCurrentTournament_platformj
                0x00002f38       0x54 debug\s3eNextpeer_platform.os
                0x00002f38                s3eNextpeerReportScoreForCurrentTournament_platform(unsigned int)
 .text._Z41s3eNextpeerTimeLeftForTournament_platformv
                0x00002f8c       0x54 debug\s3eNextpeer_platform.os
                0x00002f8c                s3eNextpeerTimeLeftForTournament_platform()
 .text._Z52s3eNextpeerUnreliablePushDataToOtherPlayers_platformPvj
                0x00002fe0       0x9c debug\s3eNextpeer_platform.os
                0x00002fe0                s3eNextpeerUnreliablePushDataToOtherPlayers_platform(void*, unsigned int)
 .text._Z15s3eNextpeerInitv
                0x0000307c       0x14 debug\s3eNextpeer.os
                0x0000307c                s3eNextpeerInit()
 .text._Z20s3eNextpeerTerminatev
                0x00003090        0xc debug\s3eNextpeer.os
                0x00003090                s3eNextpeerTerminate()
 .text.s3eNextpeerChangeCurrentPlayerAvatarUrl
                0x0000309c       0x1c debug\s3eNextpeer.os
                0x0000309c                s3eNextpeerChangeCurrentPlayerAvatarUrl
 .text.s3eNextpeerChangeCurrentPlayerName
                0x000030b8       0x1c debug\s3eNextpeer.os
                0x000030b8                s3eNextpeerChangeCurrentPlayerName
 .text.s3eNextpeerEnableRankingDisplay
                0x000030d4       0x24 debug\s3eNextpeer.os
                0x000030d4                s3eNextpeerEnableRankingDisplay
 .text.s3eNextpeerGetCurrentPlayerDetails
                0x000030f8        0xc debug\s3eNextpeer.os
                0x000030f8                s3eNextpeerGetCurrentPlayerDetails
 .text.s3eNextpeerGetNextpeerVersion
                0x00003104        0xc debug\s3eNextpeer.os
                0x00003104                s3eNextpeerGetNextpeerVersion
 .text.s3eNextpeerIsCurrentlyInTournament
                0x00003110       0x14 debug\s3eNextpeer.os
                0x00003110                s3eNextpeerIsCurrentlyInTournament
 .text.s3eNextpeerLaunchDashboard
                0x00003124        0xc debug\s3eNextpeer.os
                0x00003124                s3eNextpeerLaunchDashboard
 .text.s3eNextpeerPushDataToOtherPlayers
                0x00003130       0x24 debug\s3eNextpeer.os
                0x00003130                s3eNextpeerPushDataToOtherPlayers
 .text.s3eNextpeerReportControlledTournamentOverWithScore
                0x00003154       0x1c debug\s3eNextpeer.os
                0x00003154                s3eNextpeerReportControlledTournamentOverWithScore
 .text.s3eNextpeerReportForfeitForCurrentTournament
                0x00003170        0xc debug\s3eNextpeer.os
                0x00003170                s3eNextpeerReportForfeitForCurrentTournament
 .text.s3eNextpeerReportScoreForCurrentTournament
                0x0000317c       0x1c debug\s3eNextpeer.os
                0x0000317c                s3eNextpeerReportScoreForCurrentTournament
 .text.s3eNextpeerTimeLeftForTournament
                0x00003198        0xc debug\s3eNextpeer.os
                0x00003198                s3eNextpeerTimeLeftForTournament
 .text.s3eNextpeerUnreliablePushDataToOtherPlayers
                0x000031a4       0x24 debug\s3eNextpeer.os
                0x000031a4                s3eNextpeerUnreliablePushDataToOtherPlayers
 .text._ZL31s3eNextpeerLaunchDashboard_wrapv
                0x000031c8       0x88 debug\s3eNextpeer_register.os
 .text.s3eNextpeerRegister
                0x00003250       0x50 debug\s3eNextpeer_register.os
                0x00003250                s3eNextpeerRegister
 .text.s3eNextpeerUnRegister
                0x000032a0       0x44 debug\s3eNextpeer_register.os
                0x000032a0                s3eNextpeerUnRegister
 .text._Z22s3eNextpeerRegisterExtv
                0x000032e4      0x174 debug\s3eNextpeer_register.os
                0x000032e4                s3eNextpeerRegisterExt()
 .text.RegisterExt
                0x00003458        0xc debug\s3eNextpeer_register.os
                0x00003458                RegisterExt
 .text.IwDebugTraceSetTraceChannel
                0x00003464       0x1c C:\Marmalade\7.2\s3e\edk\lib\android\libedk.a(IwDebug.o)
                0x00003464                IwDebugTraceSetTraceChannel
 .text._GLOBAL__I_E__JenkinsWS_workspace_ReleaseWin32FullBinaries_sdk_modules_iwcore_source_IwDebug.cpp
                0x00003480       0xa4 C:\Marmalade\7.2\s3e\edk\lib\android\libedk.a(IwDebug.o)
 .text.IwDebugTraceIsChannelOn
                0x00003524      0x2b8 C:\Marmalade\7.2\s3e\edk\lib\android\libedk.a(IwDebug.o)
                0x00003524                IwDebugTraceIsChannelOn
 .text.IwDebugTraceLinePrintf
                0x000037dc      0x10c C:\Marmalade\7.2\s3e\edk\lib\android\libedk.a(IwDebug.o)
                0x000037dc                IwDebugTraceLinePrintf
 .text.s3eEdkThreadRunOnOS
                0x000038e8       0x30 C:\Marmalade\7.2\s3e\edk\lib\android\libedk.a(edk_helpers.o)
                0x000038e8                s3eEdkThreadRunOnOS
 .text          0x00003918       0x1c c:/android-ndk-r8b/toolchains/arm-linux-androideabi-4.4.3/prebuilt/windows/bin/../lib/gcc/arm-linux-androideabi/4.4.3\libgcc.a(_aeabi_ldivmod.o)
                0x00003918                __aeabi_ldivmod
 .text          0x00003934       0x88 c:/android-ndk-r8b/toolchains/arm-linux-androideabi-4.4.3/prebuilt/windows/bin/../lib/gcc/arm-linux-androideabi/4.4.3\libgcc.a(bpabi.o)
                0x00003934                __gnu_uldivmod_helper
                0x00003978                __gnu_ldivmod_helper
 .text          0x000039bc      0xec4 c:/android-ndk-r8b/toolchains/arm-linux-androideabi-4.4.3/prebuilt/windows/bin/../lib/gcc/arm-linux-androideabi/4.4.3\libgcc.a(unwind-arm.o)
                0x000043e4                __gnu_Unwind_RaiseException
                0x00003f3c                __aeabi_unwind_cpp_pr0
                0x00003a6c                _Unwind_GetCFA
                0x00003a08                _Unwind_VRS_Set
                0x00004180                __gnu_Unwind_Backtrace
                0x00004514                _Unwind_VRS_Pop
                0x00003f2c                __aeabi_unwind_cpp_pr2
                0x00003a78                _Unwind_DeleteException
                0x00003a74                _Unwind_Complete
                0x000044a8                __gnu_Unwind_Resume
                0x00004370                __gnu_Unwind_ForcedUnwind
                0x00004488                __gnu_Unwind_Resume_or_Rethrow
                0x000039bc                _Unwind_VRS_Get
                0x00003f34                __aeabi_unwind_cpp_pr1
 .text          0x00004880      0x1a8 c:/android-ndk-r8b/toolchains/arm-linux-androideabi-4.4.3/prebuilt/windows/bin/../lib/gcc/arm-linux-androideabi/4.4.3\libgcc.a(libunwind.o)
                0x000049e0                ___Unwind_ForcedUnwind
                0x0000489c                __gnu_Unwind_Save_VFP
                0x000049bc                _Unwind_Resume_or_Rethrow
                0x000049bc                ___Unwind_Resume_or_Rethrow
                0x00004a04                _Unwind_Backtrace
                0x00004880                __restore_core_regs
                0x000048bc                __gnu_Unwind_Save_VFP_D_16_to_31
                0x000048ac                __gnu_Unwind_Save_VFP_D
                0x00004a04                ___Unwind_Backtrace
                0x00004974                ___Unwind_RaiseException
                0x00004998                ___Unwind_Resume
                0x000048c4                __gnu_Unwind_Restore_WMMXD
                0x00004894                __gnu_Unwind_Restore_VFP
                0x00004998                _Unwind_Resume
                0x000048a4                __gnu_Unwind_Restore_VFP_D
                0x000048b4                __gnu_Unwind_Restore_VFP_D_16_to_31
                0x00004974                _Unwind_RaiseException
                0x00004880                restore_core_regs
                0x00004960                __gnu_Unwind_Save_WMMXC
                0x0000494c                __gnu_Unwind_Restore_WMMXC
                0x000049e0                _Unwind_ForcedUnwind
                0x00004908                __gnu_Unwind_Save_WMMXD
 .text          0x00004a28      0x484 c:/android-ndk-r8b/toolchains/arm-linux-androideabi-4.4.3/prebuilt/windows/bin/../lib/gcc/arm-linux-androideabi/4.4.3\libgcc.a(pr-support.o)
                0x00004ac8                _Unwind_GetRegionStart
                0x00004af4                __gnu_unwind_execute
                0x00004a80                _Unwind_GetTextRelBase
                0x00004a90                _Unwind_GetLanguageSpecificData
                0x00004e6c                __gnu_unwind_frame
                0x00004a88                _Unwind_GetDataRelBase
 .text          0x00004eac      0x47c c:/android-ndk-r8b/toolchains/arm-linux-androideabi-4.4.3/prebuilt/windows/bin/../lib/gcc/arm-linux-androideabi/4.4.3\libgcc.a(_divdi3.o)
                0x00004eac                __divdi3
 .text          0x00005328      0x40c c:/android-ndk-r8b/toolchains/arm-linux-androideabi-4.4.3/prebuilt/windows/bin/../lib/gcc/arm-linux-androideabi/4.4.3\libgcc.a(_udivdi3.o)
                0x00005328                __udivdi3
 .text          0x00005734       0xc4 c:/android-ndk-r8b/toolchains/arm-linux-androideabi-4.4.3/prebuilt/windows/bin/../lib/gcc/arm-linux-androideabi/4.4.3\libgcc.a(_udivsi3.o)
                0x00005734                __udivsi3
                0x00005734                __aeabi_uidiv
                0x000057e0                __aeabi_uidivmod
 .text          0x000057f8       0x10 c:/android-ndk-r8b/toolchains/arm-linux-androideabi-4.4.3/prebuilt/windows/bin/../lib/gcc/arm-linux-androideabi/4.4.3\libgcc.a(_dvmd_lnx.o)
                0x000057f8                __div0
 *(.gnu.warning)
 *(.glue_7t)
 .glue_7t       0x00000000        0x0 linker stubs
 *(.glue_7)
 .glue_7        0x00000000        0x0 linker stubs
 *(.vfp11_veneer)
 .vfp11_veneer  0x00000000        0x0 linker stubs
 *(.v4_bx)
 .v4_bx         0x00000000        0x0 linker stubs

.fini
 *(.fini)
                0x00005808                PROVIDE (__etext, .)
                0x00005808                PROVIDE (_etext, .)
                0x00005808                PROVIDE (etext, .)

.rodata         0x00005808      0x68c
 *(.rodata .rodata.* .gnu.linkonce.r.*)
 .rodata        0x00005808      0x50c debug\s3eNextpeer_platform.os
 .rodata        0x00005d14       0x64 debug\s3eNextpeer_register.os
 .rodata.str1.4
                0x00005d78      0x11c C:\Marmalade\7.2\s3e\edk\lib\android\libedk.a(IwDebug.o)
                                0x120 (size before relaxing)

.rodata1
 *(.rodata1)

.ARM.extab      0x00005e94       0x24
 *(.ARM.extab* .gnu.linkonce.armextab.*)
 .ARM.extab     0x00005e94       0x24 c:/android-ndk-r8b/toolchains/arm-linux-androideabi-4.4.3/prebuilt/windows/bin/../lib/gcc/arm-linux-androideabi/4.4.3\libgcc.a(unwind-arm.o)
                0x00005eb8                __exidx_start = .

.ARM.exidx      0x00005eb8      0x100
 *(.ARM.exidx* .gnu.linkonce.armexidx.*)
 .ARM.exidx     0x00005eb8        0x8 C:/android-ndk-r8b/platforms/android-9/arch-arm/usr/lib/crtbegin_so.o
 .ARM.exidx     0x00005ec0       0x10 c:/android-ndk-r8b/toolchains/arm-linux-androideabi-4.4.3/prebuilt/windows/bin/../lib/gcc/arm-linux-androideabi/4.4.3\libgcc.a(bpabi.o)
 .ARM.exidx     0x00005ed0       0xa0 c:/android-ndk-r8b/toolchains/arm-linux-androideabi-4.4.3/prebuilt/windows/bin/../lib/gcc/arm-linux-androideabi/4.4.3\libgcc.a(unwind-arm.o)
 .ARM.exidx     0x00005f70       0x38 c:/android-ndk-r8b/toolchains/arm-linux-androideabi-4.4.3/prebuilt/windows/bin/../lib/gcc/arm-linux-androideabi/4.4.3\libgcc.a(pr-support.o)
 .ARM.exidx     0x00005fa8        0x8 c:/android-ndk-r8b/toolchains/arm-linux-androideabi-4.4.3/prebuilt/windows/bin/../lib/gcc/arm-linux-androideabi/4.4.3\libgcc.a(_divdi3.o)
 .ARM.exidx     0x00005fb0        0x8 c:/android-ndk-r8b/toolchains/arm-linux-androideabi-4.4.3/prebuilt/windows/bin/../lib/gcc/arm-linux-androideabi/4.4.3\libgcc.a(_udivdi3.o)
                0x00005fb8                __exidx_end = .

.eh_frame_hdr
 *(.eh_frame_hdr)

.eh_frame
 *(.eh_frame)

.gcc_except_table
 *(.gcc_except_table .gcc_except_table.*)
                0x00005fb8                . = (ALIGN (0x1000) - ((0x1000 - .) & 0xfff))
                0x00006dc8                . = (0x1000 DATA_SEGMENT_ALIGN 0x1000)

.eh_frame
 *(.eh_frame)

.gcc_except_table
 *(.gcc_except_table .gcc_except_table.*)

.tdata
 *(.tdata .tdata.* .gnu.linkonce.td.*)

.tbss
 *(.tbss .tbss.* .gnu.linkonce.tb.*)
 *(.tcommon)

.preinit_array
 *(.preinit_array)

.init_array     0x00006dc8        0xc
 *(SORT(.init_array.*))
 *(.init_array)
 .init_array    0x00006dc8        0x4 C:/android-ndk-r8b/platforms/android-9/arch-arm/usr/lib/crtbegin_so.o
                0x00006dc8                __INIT_ARRAY__
 .init_array    0x00006dcc        0x4 C:\Marmalade\7.2\s3e\edk\lib\android\libedk.a(IwDebug.o)
 .init_array    0x00006dd0        0x4 C:/android-ndk-r8b/platforms/android-9/arch-arm/usr/lib/crtend_so.o

.fini_array     0x00006dd4        0xc
 *(.fini_array)
 .fini_array    0x00006dd4        0x8 C:/android-ndk-r8b/platforms/android-9/arch-arm/usr/lib/crtbegin_so.o
                0x00006dd4                __FINI_ARRAY__
 .fini_array    0x00006ddc        0x4 C:/android-ndk-r8b/platforms/android-9/arch-arm/usr/lib/crtend_so.o
 *(SORT(.fini_array.*))

.ctors
 *crtbegin.o(.ctors)
 *crtbegin?.o(.ctors)
 *(EXCLUDE_FILE(*crtend?.o *crtend.o) .ctors)
 *(SORT(.ctors.*))
 *(.ctors)

.dtors
 *crtbegin.o(.dtors)
 *crtbegin?.o(.dtors)
 *(EXCLUDE_FILE(*crtend?.o *crtend.o) .dtors)
 *(SORT(.dtors.*))
 *(.dtors)

.jcr
 *(.jcr)

.data.rel.ro    0x00006de0       0x6c
 *(.data.rel.ro.local* .gnu.linkonce.d.rel.ro.local.*)
 *(.data.rel.ro* .gnu.linkonce.d.rel.ro.*)
 .data.rel.ro   0x00006de0       0x6c debug\s3eNextpeer_platform.os

.dynamic        0x00006e4c       0xe0
 *(.dynamic)
 .dynamic       0x00006e4c       0xe0 C:/android-ndk-r8b/platforms/android-9/arch-arm/usr/lib/crtbegin_so.o
                0x00006e4c                _DYNAMIC

.got            0x00006f2c       0xd4
 *(.got.plt)
 .got.plt       0x00006f2c       0x7c C:/android-ndk-r8b/platforms/android-9/arch-arm/usr/lib/crtbegin_so.o
                0x00006f2c                _GLOBAL_OFFSET_TABLE_
 *(.got)
 .got           0x00006fa8       0x58 C:/android-ndk-r8b/platforms/android-9/arch-arm/usr/lib/crtbegin_so.o
                0x00007000                . = (. DATA_SEGMENT_RELRO_END 0x0)

.data           0x00007000       0x14
                0x00007000                __data_start = .
 *(.data .data.* .gnu.linkonce.d.*)
 .data          0x00007000       0x10 C:/android-ndk-r8b/platforms/android-9/arch-arm/usr/lib/crtbegin_so.o
                0x00007000                __dso_handle
 .data          0x00007010        0x4 debug\s3eNextpeer_platform.os

.data1
 *(.data1)
                0x00007014                _edata = .
                0x00007014                PROVIDE (edata, .)
                0x00007014                __bss_start = .
                0x00007014                __bss_start__ = .

.bss            0x00007014     0x1af4
 *(.dynbss)
 .dynbss        0x00000000        0x0 C:/android-ndk-r8b/platforms/android-9/arch-arm/usr/lib/crtbegin_so.o
 *(.bss .bss.* .gnu.linkonce.b.*)
 .bss           0x00007014       0xcc debug\s3eNextpeer_platform.os
 .bss           0x000070e0     0x1a28 C:\Marmalade\7.2\s3e\edk\lib\android\libedk.a(IwDebug.o)
                0x000070e0                g_DebugGlobals
 *(COMMON)
                0x00008b08                . = ALIGN ((. != 0x0)?0x4:0x1)
                0x00008b08                _bss_end__ = .
                0x00008b08                __bss_end__ = .
                0x00008b08                . = ALIGN (0x4)
                0x00008b08                . = ALIGN (0x4)
                0x00008b08                __end__ = .
                0x00008b08                _end = .
                0x00008b08                PROVIDE (end, .)
                0x00008b08                . = DATA_SEGMENT_END (.)

.stab
 *(.stab)

.stabstr
 *(.stabstr)

.stab.excl
 *(.stab.excl)

.stab.exclstr
 *(.stab.exclstr)

.stab.index
 *(.stab.index)

.stab.indexstr
 *(.stab.indexstr)

.comment        0x00000000       0xb4
 *(.comment)
 .comment       0x00000000       0x12 debug\s3eNextpeer_platform.os
 .comment       0x00000012       0x12 debug\s3eNextpeer.os
 .comment       0x00000024       0x12 debug\s3eNextpeer_register.os
 .comment       0x00000036       0x12 C:\Marmalade\7.2\s3e\edk\lib\android\libedk.a(IwDebug.o)
 .comment       0x00000048       0x12 C:\Marmalade\7.2\s3e\edk\lib\android\libedk.a(edk_helpers.o)
 .comment       0x0000005a       0x12 c:/android-ndk-r8b/toolchains/arm-linux-androideabi-4.4.3/prebuilt/windows/bin/../lib/gcc/arm-linux-androideabi/4.4.3\libgcc.a(bpabi.o)
 .comment       0x0000006c       0x12 c:/android-ndk-r8b/toolchains/arm-linux-androideabi-4.4.3/prebuilt/windows/bin/../lib/gcc/arm-linux-androideabi/4.4.3\libgcc.a(unwind-arm.o)
 .comment       0x0000007e       0x12 c:/android-ndk-r8b/toolchains/arm-linux-androideabi-4.4.3/prebuilt/windows/bin/../lib/gcc/arm-linux-androideabi/4.4.3\libgcc.a(pr-support.o)
 .comment       0x00000090       0x12 c:/android-ndk-r8b/toolchains/arm-linux-androideabi-4.4.3/prebuilt/windows/bin/../lib/gcc/arm-linux-androideabi/4.4.3\libgcc.a(_divdi3.o)
 .comment       0x000000a2       0x12 c:/android-ndk-r8b/toolchains/arm-linux-androideabi-4.4.3/prebuilt/windows/bin/../lib/gcc/arm-linux-androideabi/4.4.3\libgcc.a(_udivdi3.o)

.debug
 *(.debug)

.line
 *(.line)

.debug_srcinfo
 *(.debug_srcinfo)

.debug_sfnames
 *(.debug_sfnames)

.debug_aranges  0x00000000      0x3b0
 *(.debug_aranges)
 .debug_aranges
                0x00000000      0x1b0 debug\s3eNextpeer_platform.os
 .debug_aranges
                0x000001b0       0xa0 debug\s3eNextpeer.os
 .debug_aranges
                0x00000250       0x40 debug\s3eNextpeer_register.os
 .debug_aranges
                0x00000290       0x20 c:/android-ndk-r8b/toolchains/arm-linux-androideabi-4.4.3/prebuilt/windows/bin/../lib/gcc/arm-linux-androideabi/4.4.3\libgcc.a(_aeabi_ldivmod.o)
 .debug_aranges
                0x000002b0       0x20 c:/android-ndk-r8b/toolchains/arm-linux-androideabi-4.4.3/prebuilt/windows/bin/../lib/gcc/arm-linux-androideabi/4.4.3\libgcc.a(bpabi.o)
 .debug_aranges
                0x000002d0       0x20 c:/android-ndk-r8b/toolchains/arm-linux-androideabi-4.4.3/prebuilt/windows/bin/../lib/gcc/arm-linux-androideabi/4.4.3\libgcc.a(unwind-arm.o)
 .debug_aranges
                0x000002f0       0x20 c:/android-ndk-r8b/toolchains/arm-linux-androideabi-4.4.3/prebuilt/windows/bin/../lib/gcc/arm-linux-androideabi/4.4.3\libgcc.a(libunwind.o)
 .debug_aranges
                0x00000310       0x20 c:/android-ndk-r8b/toolchains/arm-linux-androideabi-4.4.3/prebuilt/windows/bin/../lib/gcc/arm-linux-androideabi/4.4.3\libgcc.a(pr-support.o)
 .debug_aranges
                0x00000330       0x20 c:/android-ndk-r8b/toolchains/arm-linux-androideabi-4.4.3/prebuilt/windows/bin/../lib/gcc/arm-linux-androideabi/4.4.3\libgcc.a(_divdi3.o)
 .debug_aranges
                0x00000350       0x20 c:/android-ndk-r8b/toolchains/arm-linux-androideabi-4.4.3/prebuilt/windows/bin/../lib/gcc/arm-linux-androideabi/4.4.3\libgcc.a(_udivdi3.o)
 .debug_aranges
                0x00000370       0x20 c:/android-ndk-r8b/toolchains/arm-linux-androideabi-4.4.3/prebuilt/windows/bin/../lib/gcc/arm-linux-androideabi/4.4.3\libgcc.a(_udivsi3.o)
 .debug_aranges
                0x00000390       0x20 c:/android-ndk-r8b/toolchains/arm-linux-androideabi-4.4.3/prebuilt/windows/bin/../lib/gcc/arm-linux-androideabi/4.4.3\libgcc.a(_dvmd_lnx.o)

.debug_pubnames
                0x00000000      0xc75
 *(.debug_pubnames)
 .debug_pubnames
                0x00000000      0x6b5 debug\s3eNextpeer_platform.os
 .debug_pubnames
                0x000006b5      0x29f debug\s3eNextpeer.os
 .debug_pubnames
                0x00000954       0x6f debug\s3eNextpeer_register.os
 .debug_pubnames
                0x000009c3       0x45 c:/android-ndk-r8b/toolchains/arm-linux-androideabi-4.4.3/prebuilt/windows/bin/../lib/gcc/arm-linux-androideabi/4.4.3\libgcc.a(bpabi.o)
 .debug_pubnames
                0x00000a08      0x177 c:/android-ndk-r8b/toolchains/arm-linux-androideabi-4.4.3/prebuilt/windows/bin/../lib/gcc/arm-linux-androideabi/4.4.3\libgcc.a(unwind-arm.o)
 .debug_pubnames
                0x00000b7f       0xb7 c:/android-ndk-r8b/toolchains/arm-linux-androideabi-4.4.3/prebuilt/windows/bin/../lib/gcc/arm-linux-androideabi/4.4.3\libgcc.a(pr-support.o)
 .debug_pubnames
                0x00000c36       0x1f c:/android-ndk-r8b/toolchains/arm-linux-androideabi-4.4.3/prebuilt/windows/bin/../lib/gcc/arm-linux-androideabi/4.4.3\libgcc.a(_divdi3.o)
 .debug_pubnames
                0x00000c55       0x20 c:/android-ndk-r8b/toolchains/arm-linux-androideabi-4.4.3/prebuilt/windows/bin/../lib/gcc/arm-linux-androideabi/4.4.3\libgcc.a(_udivdi3.o)

.debug_info     0x00000000     0x95e6
 *(.debug_info .gnu.linkonce.wi.*)
 .debug_info    0x00000000     0x65f4 debug\s3eNextpeer_platform.os
 .debug_info    0x000065f4      0x2cb debug\s3eNextpeer.os
 .debug_info    0x000068bf      0x23a debug\s3eNextpeer_register.os
 .debug_info    0x00006af9       0xf5 c:/android-ndk-r8b/toolchains/arm-linux-androideabi-4.4.3/prebuilt/windows/bin/../lib/gcc/arm-linux-androideabi/4.4.3\libgcc.a(_aeabi_ldivmod.o)
 .debug_info    0x00006bee       0xde c:/android-ndk-r8b/toolchains/arm-linux-androideabi-4.4.3/prebuilt/windows/bin/../lib/gcc/arm-linux-androideabi/4.4.3\libgcc.a(bpabi.o)
 .debug_info    0x00006ccc     0x1424 c:/android-ndk-r8b/toolchains/arm-linux-androideabi-4.4.3/prebuilt/windows/bin/../lib/gcc/arm-linux-androideabi/4.4.3\libgcc.a(unwind-arm.o)
 .debug_info    0x000080f0       0xf9 c:/android-ndk-r8b/toolchains/arm-linux-androideabi-4.4.3/prebuilt/windows/bin/../lib/gcc/arm-linux-androideabi/4.4.3\libgcc.a(libunwind.o)
 .debug_info    0x000081e9      0x636 c:/android-ndk-r8b/toolchains/arm-linux-androideabi-4.4.3/prebuilt/windows/bin/../lib/gcc/arm-linux-androideabi/4.4.3\libgcc.a(pr-support.o)
 .debug_info    0x0000881f      0x606 c:/android-ndk-r8b/toolchains/arm-linux-androideabi-4.4.3/prebuilt/windows/bin/../lib/gcc/arm-linux-androideabi/4.4.3\libgcc.a(_divdi3.o)
 .debug_info    0x00008e25      0x5cb c:/android-ndk-r8b/toolchains/arm-linux-androideabi-4.4.3/prebuilt/windows/bin/../lib/gcc/arm-linux-androideabi/4.4.3\libgcc.a(_udivdi3.o)
 .debug_info    0x000093f0       0xfb c:/android-ndk-r8b/toolchains/arm-linux-androideabi-4.4.3/prebuilt/windows/bin/../lib/gcc/arm-linux-androideabi/4.4.3\libgcc.a(_udivsi3.o)
 .debug_info    0x000094eb       0xfb c:/android-ndk-r8b/toolchains/arm-linux-androideabi-4.4.3/prebuilt/windows/bin/../lib/gcc/arm-linux-androideabi/4.4.3\libgcc.a(_dvmd_lnx.o)

.debug_abbrev   0x00000000      0xe7b
 *(.debug_abbrev)
 .debug_abbrev  0x00000000      0x2d5 debug\s3eNextpeer_platform.os
 .debug_abbrev  0x000002d5       0xfd debug\s3eNextpeer.os
 .debug_abbrev  0x000003d2      0x11c debug\s3eNextpeer_register.os
 .debug_abbrev  0x000004ee       0x14 c:/android-ndk-r8b/toolchains/arm-linux-androideabi-4.4.3/prebuilt/windows/bin/../lib/gcc/arm-linux-androideabi/4.4.3\libgcc.a(_aeabi_ldivmod.o)
 .debug_abbrev  0x00000502       0x6a c:/android-ndk-r8b/toolchains/arm-linux-androideabi-4.4.3/prebuilt/windows/bin/../lib/gcc/arm-linux-androideabi/4.4.3\libgcc.a(bpabi.o)
 .debug_abbrev  0x0000056c      0x3bb c:/android-ndk-r8b/toolchains/arm-linux-androideabi-4.4.3/prebuilt/windows/bin/../lib/gcc/arm-linux-androideabi/4.4.3\libgcc.a(unwind-arm.o)
 .debug_abbrev  0x00000927       0x14 c:/android-ndk-r8b/toolchains/arm-linux-androideabi-4.4.3/prebuilt/windows/bin/../lib/gcc/arm-linux-androideabi/4.4.3\libgcc.a(libunwind.o)
 .debug_abbrev  0x0000093b      0x220 c:/android-ndk-r8b/toolchains/arm-linux-androideabi-4.4.3/prebuilt/windows/bin/../lib/gcc/arm-linux-androideabi/4.4.3\libgcc.a(pr-support.o)
 .debug_abbrev  0x00000b5b      0x18b c:/android-ndk-r8b/toolchains/arm-linux-androideabi-4.4.3/prebuilt/windows/bin/../lib/gcc/arm-linux-androideabi/4.4.3\libgcc.a(_divdi3.o)
 .debug_abbrev  0x00000ce6      0x16d c:/android-ndk-r8b/toolchains/arm-linux-androideabi-4.4.3/prebuilt/windows/bin/../lib/gcc/arm-linux-androideabi/4.4.3\libgcc.a(_udivdi3.o)
 .debug_abbrev  0x00000e53       0x14 c:/android-ndk-r8b/toolchains/arm-linux-androideabi-4.4.3/prebuilt/windows/bin/../lib/gcc/arm-linux-androideabi/4.4.3\libgcc.a(_udivsi3.o)
 .debug_abbrev  0x00000e67       0x14 c:/android-ndk-r8b/toolchains/arm-linux-androideabi-4.4.3/prebuilt/windows/bin/../lib/gcc/arm-linux-androideabi/4.4.3\libgcc.a(_dvmd_lnx.o)

.debug_line     0x00000000     0x15fc
 *(.debug_line)
 .debug_line    0x00000000      0x608 debug\s3eNextpeer_platform.os
 .debug_line    0x00000608      0x1bf debug\s3eNextpeer.os
 .debug_line    0x000007c7      0x125 debug\s3eNextpeer_register.os
 .debug_line    0x000008ec       0xa5 c:/android-ndk-r8b/toolchains/arm-linux-androideabi-4.4.3/prebuilt/windows/bin/../lib/gcc/arm-linux-androideabi/4.4.3\libgcc.a(_aeabi_ldivmod.o)
 .debug_line    0x00000991       0xab c:/android-ndk-r8b/toolchains/arm-linux-androideabi-4.4.3/prebuilt/windows/bin/../lib/gcc/arm-linux-androideabi/4.4.3\libgcc.a(bpabi.o)
 .debug_line    0x00000a3c      0x4d2 c:/android-ndk-r8b/toolchains/arm-linux-androideabi-4.4.3/prebuilt/windows/bin/../lib/gcc/arm-linux-androideabi/4.4.3\libgcc.a(unwind-arm.o)
 .debug_line    0x00000f0e       0xf1 c:/android-ndk-r8b/toolchains/arm-linux-androideabi-4.4.3/prebuilt/windows/bin/../lib/gcc/arm-linux-androideabi/4.4.3\libgcc.a(libunwind.o)
 .debug_line    0x00000fff      0x1d2 c:/android-ndk-r8b/toolchains/arm-linux-androideabi-4.4.3/prebuilt/windows/bin/../lib/gcc/arm-linux-androideabi/4.4.3\libgcc.a(pr-support.o)
 .debug_line    0x000011d1      0x162 c:/android-ndk-r8b/toolchains/arm-linux-androideabi-4.4.3/prebuilt/windows/bin/../lib/gcc/arm-linux-androideabi/4.4.3\libgcc.a(_divdi3.o)
 .debug_line    0x00001333      0x152 c:/android-ndk-r8b/toolchains/arm-linux-androideabi-4.4.3/prebuilt/windows/bin/../lib/gcc/arm-linux-androideabi/4.4.3\libgcc.a(_udivdi3.o)
 .debug_line    0x00001485       0xcc c:/android-ndk-r8b/toolchains/arm-linux-androideabi-4.4.3/prebuilt/windows/bin/../lib/gcc/arm-linux-androideabi/4.4.3\libgcc.a(_udivsi3.o)
 .debug_line    0x00001551       0xab c:/android-ndk-r8b/toolchains/arm-linux-androideabi-4.4.3/prebuilt/windows/bin/../lib/gcc/arm-linux-androideabi/4.4.3\libgcc.a(_dvmd_lnx.o)

.debug_frame    0x00000000      0xca8
 *(.debug_frame)
 .debug_frame   0x00000000      0x5b8 debug\s3eNextpeer_platform.os
 .debug_frame   0x000005b8      0x1ec debug\s3eNextpeer.os
 .debug_frame   0x000007a4       0xa0 debug\s3eNextpeer_register.os
 .debug_frame   0x00000844       0x60 c:/android-ndk-r8b/toolchains/arm-linux-androideabi-4.4.3/prebuilt/windows/bin/../lib/gcc/arm-linux-androideabi/4.4.3\libgcc.a(bpabi.o)
 .debug_frame   0x000008a4      0x248 c:/android-ndk-r8b/toolchains/arm-linux-androideabi-4.4.3/prebuilt/windows/bin/../lib/gcc/arm-linux-androideabi/4.4.3\libgcc.a(unwind-arm.o)
 .debug_frame   0x00000aec      0x108 c:/android-ndk-r8b/toolchains/arm-linux-androideabi-4.4.3/prebuilt/windows/bin/../lib/gcc/arm-linux-androideabi/4.4.3\libgcc.a(pr-support.o)
 .debug_frame   0x00000bf4       0x44 c:/android-ndk-r8b/toolchains/arm-linux-androideabi-4.4.3/prebuilt/windows/bin/../lib/gcc/arm-linux-androideabi/4.4.3\libgcc.a(_divdi3.o)
 .debug_frame   0x00000c38       0x48 c:/android-ndk-r8b/toolchains/arm-linux-androideabi-4.4.3/prebuilt/windows/bin/../lib/gcc/arm-linux-androideabi/4.4.3\libgcc.a(_udivdi3.o)
 .debug_frame   0x00000c80       0x28 c:/android-ndk-r8b/toolchains/arm-linux-androideabi-4.4.3/prebuilt/windows/bin/../lib/gcc/arm-linux-androideabi/4.4.3\libgcc.a(_udivsi3.o)

.debug_str      0x00000000     0x62df
 *(.debug_str)
 .debug_str     0x00000000     0x558b debug\s3eNextpeer_platform.os
                               0x5730 (size before relaxing)
 .debug_str     0x0000558b       0xf2 debug\s3eNextpeer.os
                                0x470 (size before relaxing)
 .debug_str     0x0000567d       0xfa debug\s3eNextpeer_register.os
                                0x422 (size before relaxing)
 .debug_str     0x00005777       0xb9 c:/android-ndk-r8b/toolchains/arm-linux-androideabi-4.4.3/prebuilt/windows/bin/../lib/gcc/arm-linux-androideabi/4.4.3\libgcc.a(bpabi.o)
                                 0xde (size before relaxing)
 .debug_str     0x00005830      0x803 c:/android-ndk-r8b/toolchains/arm-linux-androideabi-4.4.3/prebuilt/windows/bin/../lib/gcc/arm-linux-androideabi/4.4.3\libgcc.a(unwind-arm.o)
                                0x8f4 (size before relaxing)
 .debug_str     0x00006033      0x13d c:/android-ndk-r8b/toolchains/arm-linux-androideabi-4.4.3/prebuilt/windows/bin/../lib/gcc/arm-linux-androideabi/4.4.3\libgcc.a(pr-support.o)
                                0x45a (size before relaxing)
 .debug_str     0x00006170      0x165 c:/android-ndk-r8b/toolchains/arm-linux-androideabi-4.4.3/prebuilt/windows/bin/../lib/gcc/arm-linux-androideabi/4.4.3\libgcc.a(_divdi3.o)
                                0x215 (size before relaxing)
 .debug_str     0x000062d5        0xa c:/android-ndk-r8b/toolchains/arm-linux-androideabi-4.4.3/prebuilt/windows/bin/../lib/gcc/arm-linux-androideabi/4.4.3\libgcc.a(_udivdi3.o)
                                0x216 (size before relaxing)

.debug_loc      0x00000000     0x2d0e
 *(.debug_loc)
 .debug_loc     0x00000000      0x8c8 debug\s3eNextpeer_platform.os
 .debug_loc     0x000008c8      0x274 debug\s3eNextpeer.os
 .debug_loc     0x00000b3c       0xc5 debug\s3eNextpeer_register.os
 .debug_loc     0x00000c01      0x120 c:/android-ndk-r8b/toolchains/arm-linux-androideabi-4.4.3/prebuilt/windows/bin/../lib/gcc/arm-linux-androideabi/4.4.3\libgcc.a(bpabi.o)
 .debug_loc     0x00000d21      0xfef c:/android-ndk-r8b/toolchains/arm-linux-androideabi-4.4.3/prebuilt/windows/bin/../lib/gcc/arm-linux-androideabi/4.4.3\libgcc.a(unwind-arm.o)
 .debug_loc     0x00001d10      0x2f9 c:/android-ndk-r8b/toolchains/arm-linux-androideabi-4.4.3/prebuilt/windows/bin/../lib/gcc/arm-linux-androideabi/4.4.3\libgcc.a(pr-support.o)
 .debug_loc     0x00002009      0x6cf c:/android-ndk-r8b/toolchains/arm-linux-androideabi-4.4.3/prebuilt/windows/bin/../lib/gcc/arm-linux-androideabi/4.4.3\libgcc.a(_divdi3.o)
 .debug_loc     0x000026d8      0x636 c:/android-ndk-r8b/toolchains/arm-linux-androideabi-4.4.3/prebuilt/windows/bin/../lib/gcc/arm-linux-androideabi/4.4.3\libgcc.a(_udivdi3.o)

.debug_macinfo
 *(.debug_macinfo)

.debug_weaknames
 *(.debug_weaknames)

.debug_funcnames
 *(.debug_funcnames)

.debug_typenames
 *(.debug_typenames)

.debug_varnames
 *(.debug_varnames)

.debug_pubtypes
 *(.debug_pubtypes)

.debug_ranges   0x00000000      0x5b0
 *(.debug_ranges)
 .debug_ranges  0x00000000      0x1a0 debug\s3eNextpeer_platform.os
 .debug_ranges  0x000001a0       0x90 debug\s3eNextpeer.os
 .debug_ranges  0x00000230       0x30 debug\s3eNextpeer_register.os
 .debug_ranges  0x00000260      0x1f8 c:/android-ndk-r8b/toolchains/arm-linux-androideabi-4.4.3/prebuilt/windows/bin/../lib/gcc/arm-linux-androideabi/4.4.3\libgcc.a(unwind-arm.o)
 .debug_ranges  0x00000458       0x30 c:/android-ndk-r8b/toolchains/arm-linux-androideabi-4.4.3/prebuilt/windows/bin/../lib/gcc/arm-linux-androideabi/4.4.3\libgcc.a(pr-support.o)
 .debug_ranges  0x00000488       0xa0 c:/android-ndk-r8b/toolchains/arm-linux-androideabi-4.4.3/prebuilt/windows/bin/../lib/gcc/arm-linux-androideabi/4.4.3\libgcc.a(_divdi3.o)
 .debug_ranges  0x00000528       0x88 c:/android-ndk-r8b/toolchains/arm-linux-androideabi-4.4.3/prebuilt/windows/bin/../lib/gcc/arm-linux-androideabi/4.4.3\libgcc.a(_udivdi3.o)

.gnu.attributes
 *(.gnu.attributes)

.note.gnu.arm.ident
 *(.note.gnu.arm.ident)

/DISCARD/
 *(.note.GNU-stack)
 *(.gnu_debuglink)
OUTPUT(C:\Marmalade\7.2\examples\games\blocslot\s3eNextpeer\lib\android\libs3eNextpeer_d.so elf32-littlearm)

.ARM.attributes
                0x00000000       0x31
 .ARM.attributes
                0x00000000       0x2d C:/android-ndk-r8b/platforms/android-9/arch-arm/usr/lib/crtbegin_so.o
 .ARM.attributes
                0x0000002d       0x2b debug\s3eNextpeer_platform.os
 .ARM.attributes
                0x00000058       0x2b debug\s3eNextpeer.os
 .ARM.attributes
                0x00000083       0x2b debug\s3eNextpeer_register.os
 .ARM.attributes
                0x000000ae       0x2b C:\Marmalade\7.2\s3e\edk\lib\android\libedk.a(IwDebug.o)
 .ARM.attributes
                0x000000d9       0x2b C:\Marmalade\7.2\s3e\edk\lib\android\libedk.a(edk_helpers.o)
 .ARM.attributes
                0x00000104       0x19 c:/android-ndk-r8b/toolchains/arm-linux-androideabi-4.4.3/prebuilt/windows/bin/../lib/gcc/arm-linux-androideabi/4.4.3\libgcc.a(_aeabi_ldivmod.o)
 .ARM.attributes
                0x0000011d       0x29 c:/android-ndk-r8b/toolchains/arm-linux-androideabi-4.4.3/prebuilt/windows/bin/../lib/gcc/arm-linux-androideabi/4.4.3\libgcc.a(bpabi.o)
 .ARM.attributes
                0x00000146       0x29 c:/android-ndk-r8b/toolchains/arm-linux-androideabi-4.4.3/prebuilt/windows/bin/../lib/gcc/arm-linux-androideabi/4.4.3\libgcc.a(unwind-arm.o)
 .ARM.attributes
                0x0000016f       0x19 c:/android-ndk-r8b/toolchains/arm-linux-androideabi-4.4.3/prebuilt/windows/bin/../lib/gcc/arm-linux-androideabi/4.4.3\libgcc.a(libunwind.o)
 .ARM.attributes
                0x00000188       0x29 c:/android-ndk-r8b/toolchains/arm-linux-androideabi-4.4.3/prebuilt/windows/bin/../lib/gcc/arm-linux-androideabi/4.4.3\libgcc.a(pr-support.o)
 .ARM.attributes
                0x000001b1       0x29 c:/android-ndk-r8b/toolchains/arm-linux-androideabi-4.4.3/prebuilt/windows/bin/../lib/gcc/arm-linux-androideabi/4.4.3\libgcc.a(_divdi3.o)
 .ARM.attributes
                0x000001da       0x29 c:/android-ndk-r8b/toolchains/arm-linux-androideabi-4.4.3/prebuilt/windows/bin/../lib/gcc/arm-linux-androideabi/4.4.3\libgcc.a(_udivdi3.o)
 .ARM.attributes
                0x00000203       0x19 c:/android-ndk-r8b/toolchains/arm-linux-androideabi-4.4.3/prebuilt/windows/bin/../lib/gcc/arm-linux-androideabi/4.4.3\libgcc.a(_udivsi3.o)
 .ARM.attributes
                0x0000021c       0x19 c:/android-ndk-r8b/toolchains/arm-linux-androideabi-4.4.3/prebuilt/windows/bin/../lib/gcc/arm-linux-androideabi/4.4.3\libgcc.a(_dvmd_lnx.o)
 .ARM.attributes
                0x00000235       0x1f C:/android-ndk-r8b/platforms/android-9/arch-arm/usr/lib/crtend_so.o
