Archive member included because of file (symbol)

C:\Marmalade\7.2\s3e\edk\lib\android\libedk.a(edk_helpers.o)
                              release\s3eNextpeer_platform.os (s3eEdkThreadRunOnOS)
c:/android-ndk-r8b/toolchains/arm-linux-androideabi-4.4.3/prebuilt/windows/bin/../lib/gcc/arm-linux-androideabi/4.4.3\libgcc.a(unwind-arm.o)
                              C:/android-ndk-r8b/platforms/android-9/arch-arm/usr/lib/crtbegin_so.o (__aeabi_unwind_cpp_pr0)
c:/android-ndk-r8b/toolchains/arm-linux-androideabi-4.4.3/prebuilt/windows/bin/../lib/gcc/arm-linux-androideabi/4.4.3\libgcc.a(libunwind.o)
                              c:/android-ndk-r8b/toolchains/arm-linux-androideabi-4.4.3/prebuilt/windows/bin/../lib/gcc/arm-linux-androideabi/4.4.3\libgcc.a(unwind-arm.o) (restore_core_regs)
c:/android-ndk-r8b/toolchains/arm-linux-androideabi-4.4.3/prebuilt/windows/bin/../lib/gcc/arm-linux-androideabi/4.4.3\libgcc.a(pr-support.o)
                              c:/android-ndk-r8b/toolchains/arm-linux-androideabi-4.4.3/prebuilt/windows/bin/../lib/gcc/arm-linux-androideabi/4.4.3\libgcc.a(unwind-arm.o) (__gnu_unwind_execute)

Discarded input sections

 .ARM.extab     0x00000000        0x0 C:/android-ndk-r8b/platforms/android-9/arch-arm/usr/lib/crtbegin_so.o
 .bss           0x00000000        0x0 C:/android-ndk-r8b/platforms/android-9/arch-arm/usr/lib/crtbegin_so.o
 .note.GNU-stack
                0x00000000        0x0 C:/android-ndk-r8b/platforms/android-9/arch-arm/usr/lib/crtbegin_so.o
 _ZN7_JNIEnv11GetMethodIDEP7_jclassPKcS3_
                0x00000000        0x0 release\s3eNextpeer_platform.os
 _ZN7_JNIEnv14CallVoidMethodEP8_jobjectP10_jmethodIDz
                0x00000000        0x0 release\s3eNextpeer_platform.os
 _ZN7_JNIEnv13CallIntMethodEP8_jobjectP10_jmethodIDz
                0x00000000        0x0 release\s3eNextpeer_platform.os
 _ZN7_JNIEnv17CallBooleanMethodEP8_jobjectP10_jmethodIDz
                0x00000000        0x0 release\s3eNextpeer_platform.os
 _ZN7_JNIEnv16CallObjectMethodEP8_jobjectP10_jmethodIDz
                0x00000000        0x0 release\s3eNextpeer_platform.os
 _ZN7_JNIEnv9NewObjectEP7_jclassP10_jmethodIDz
                0x00000000        0x0 release\s3eNextpeer_platform.os
 .text          0x00000000        0x0 release\s3eNextpeer_platform.os
 .data          0x00000000        0x0 release\s3eNextpeer_platform.os
 .note.GNU-stack
                0x00000000        0x0 release\s3eNextpeer_platform.os
 .text          0x00000000        0x0 release\s3eNextpeer.os
 .data          0x00000000        0x0 release\s3eNextpeer.os
 .bss           0x00000000        0x0 release\s3eNextpeer.os
 .note.GNU-stack
                0x00000000        0x0 release\s3eNextpeer.os
 .text          0x00000000        0x0 release\s3eNextpeer_register.os
 .data          0x00000000        0x0 release\s3eNextpeer_register.os
 .bss           0x00000000        0x0 release\s3eNextpeer_register.os
 .text._Z22s3eNextpeerRegisterExtv
                0x00000000        0x0 release\s3eNextpeer_register.os
 .note.GNU-stack
                0x00000000        0x0 release\s3eNextpeer_register.os
 .text          0x00000000        0x0 C:\Marmalade\7.2\s3e\edk\lib\android\libedk.a(edk_helpers.o)
 .data          0x00000000        0x0 C:\Marmalade\7.2\s3e\edk\lib\android\libedk.a(edk_helpers.o)
 .bss           0x00000000        0x0 C:\Marmalade\7.2\s3e\edk\lib\android\libedk.a(edk_helpers.o)
 .text.s3eEdkThreadRunOnOSAsync
                0x00000000        0x0 C:\Marmalade\7.2\s3e\edk\lib\android\libedk.a(edk_helpers.o)
 .text.s3eEdkErrorSetString
                0x00000000        0x0 C:\Marmalade\7.2\s3e\edk\lib\android\libedk.a(edk_helpers.o)
 .note.GNU-stack
                0x00000000        0x0 C:\Marmalade\7.2\s3e\edk\lib\android\libedk.a(edk_helpers.o)
 .data          0x00000000        0x0 c:/android-ndk-r8b/toolchains/arm-linux-androideabi-4.4.3/prebuilt/windows/bin/../lib/gcc/arm-linux-androideabi/4.4.3\libgcc.a(unwind-arm.o)
 .bss           0x00000000        0x0 c:/android-ndk-r8b/toolchains/arm-linux-androideabi-4.4.3/prebuilt/windows/bin/../lib/gcc/arm-linux-androideabi/4.4.3\libgcc.a(unwind-arm.o)
 .note.GNU-stack
                0x00000000        0x0 c:/android-ndk-r8b/toolchains/arm-linux-androideabi-4.4.3/prebuilt/windows/bin/../lib/gcc/arm-linux-androideabi/4.4.3\libgcc.a(unwind-arm.o)
 .data          0x00000000        0x0 c:/android-ndk-r8b/toolchains/arm-linux-androideabi-4.4.3/prebuilt/windows/bin/../lib/gcc/arm-linux-androideabi/4.4.3\libgcc.a(libunwind.o)
 .bss           0x00000000        0x0 c:/android-ndk-r8b/toolchains/arm-linux-androideabi-4.4.3/prebuilt/windows/bin/../lib/gcc/arm-linux-androideabi/4.4.3\libgcc.a(libunwind.o)
 .note.GNU-stack
                0x00000000        0x0 c:/android-ndk-r8b/toolchains/arm-linux-androideabi-4.4.3/prebuilt/windows/bin/../lib/gcc/arm-linux-androideabi/4.4.3\libgcc.a(libunwind.o)
 .data          0x00000000        0x0 c:/android-ndk-r8b/toolchains/arm-linux-androideabi-4.4.3/prebuilt/windows/bin/../lib/gcc/arm-linux-androideabi/4.4.3\libgcc.a(pr-support.o)
 .bss           0x00000000        0x0 c:/android-ndk-r8b/toolchains/arm-linux-androideabi-4.4.3/prebuilt/windows/bin/../lib/gcc/arm-linux-androideabi/4.4.3\libgcc.a(pr-support.o)
 .ARM.extab     0x00000000        0x0 c:/android-ndk-r8b/toolchains/arm-linux-androideabi-4.4.3/prebuilt/windows/bin/../lib/gcc/arm-linux-androideabi/4.4.3\libgcc.a(pr-support.o)
 .note.GNU-stack
                0x00000000        0x0 c:/android-ndk-r8b/toolchains/arm-linux-androideabi-4.4.3/prebuilt/windows/bin/../lib/gcc/arm-linux-androideabi/4.4.3\libgcc.a(pr-support.o)
 .text          0x00000000        0x0 C:/android-ndk-r8b/platforms/android-9/arch-arm/usr/lib/crtend_so.o
 .data          0x00000000        0x0 C:/android-ndk-r8b/platforms/android-9/arch-arm/usr/lib/crtend_so.o
 .bss           0x00000000        0x0 C:/android-ndk-r8b/platforms/android-9/arch-arm/usr/lib/crtend_so.o
 .note.GNU-stack
                0x00000000        0x0 C:/android-ndk-r8b/platforms/android-9/arch-arm/usr/lib/crtend_so.o

Memory Configuration

Name             Origin             Length             Attributes
*default*        0x00000000         0xffffffff

Linker script and memory map

LOAD C:/android-ndk-r8b/platforms/android-9/arch-arm/usr/lib/crtbegin_so.o
LOAD release\s3eNextpeer_platform.os
LOAD release\s3eNextpeer.os
LOAD release\s3eNextpeer_register.os
LOAD C:\Marmalade\7.2\s3e\edk\lib\android\libedk.a
LOAD C:\Marmalade\7.2\s3e\edk\lib\android/libplaceholderplaceholderplaceholderplaceholderplaceholder.so
LOAD C:\android-ndk-r8b\platforms\android-9\arch-arm\usr\lib/liblog.so
LOAD C:\android-ndk-r8b\sources\cxx-stl\gnu-libstdc++\4.4.3\libs\armeabi\libgnustl_static.a
LOAD c:/android-ndk-r8b/toolchains/arm-linux-androideabi-4.4.3/prebuilt/windows/bin/../lib/gcc/arm-linux-androideabi/4.4.3\libgcc.a
LOAD C:\android-ndk-r8b\platforms\android-9\arch-arm\usr\lib/libstdc++.so
LOAD C:\android-ndk-r8b\platforms\android-9\arch-arm\usr\lib/libm.so
LOAD C:\android-ndk-r8b\platforms\android-9\arch-arm\usr\lib/libc.so
LOAD c:/android-ndk-r8b/toolchains/arm-linux-androideabi-4.4.3/prebuilt/windows/bin/../lib/gcc/arm-linux-androideabi/4.4.3\libgcc.a
LOAD C:\android-ndk-r8b\platforms\android-9\arch-arm\usr\lib/libc.so
LOAD C:\android-ndk-r8b\platforms\android-9\arch-arm\usr\lib/libdl.so
LOAD c:/android-ndk-r8b/toolchains/arm-linux-androideabi-4.4.3/prebuilt/windows/bin/../lib/gcc/arm-linux-androideabi/4.4.3\libgcc.a
LOAD C:/android-ndk-r8b/platforms/android-9/arch-arm/usr/lib/crtend_so.o
                0x000000f4                . = (0x0 + SIZEOF_HEADERS)

.note.gnu.build-id
 *(.note.gnu.build-id)

.hash           0x000000f4      0x240
 *(.hash)
 .hash          0x000000f4      0x240 C:/android-ndk-r8b/platforms/android-9/arch-arm/usr/lib/crtbegin_so.o

.gnu.hash
 *(.gnu.hash)

.dynsym         0x00000334      0x4b0
 *(.dynsym)
 .dynsym        0x00000334      0x4b0 C:/android-ndk-r8b/platforms/android-9/arch-arm/usr/lib/crtbegin_so.o

.dynstr         0x000007e4      0x548
 *(.dynstr)
 .dynstr        0x000007e4      0x548 C:/android-ndk-r8b/platforms/android-9/arch-arm/usr/lib/crtbegin_so.o

.gnu.version    0x00000d2c        0x0
 *(.gnu.version)
 .gnu.version   0x00000000        0x0 C:/android-ndk-r8b/platforms/android-9/arch-arm/usr/lib/crtbegin_so.o

.gnu.version_d  0x00000d2c        0x0
 *(.gnu.version_d)
 .gnu.version_d
                0x00000000        0x0 C:/android-ndk-r8b/platforms/android-9/arch-arm/usr/lib/crtbegin_so.o

.gnu.version_r  0x00000d2c        0x0
 *(.gnu.version_r)
 .gnu.version_r
                0x00000000        0x0 C:/android-ndk-r8b/platforms/android-9/arch-arm/usr/lib/crtbegin_so.o

.rel.dyn        0x00000d2c      0x1b8
 *(.rel.init)
 *(.rel.text .rel.text.* .rel.gnu.linkonce.t.*)
 .rel.text      0x00000d2c       0x10 C:/android-ndk-r8b/platforms/android-9/arch-arm/usr/lib/crtbegin_so.o
 *(.rel.fini)
 *(.rel.rodata .rel.rodata.* .rel.gnu.linkonce.r.*)
 *(.rel.data.rel.ro* .rel.gnu.linkonce.d.rel.ro.*)
 .rel.data.rel.ro
                0x00000d3c       0xd8 C:/android-ndk-r8b/platforms/android-9/arch-arm/usr/lib/crtbegin_so.o
 *(.rel.data .rel.data.* .rel.gnu.linkonce.d.*)
 .rel.data      0x00000e14        0x8 C:/android-ndk-r8b/platforms/android-9/arch-arm/usr/lib/crtbegin_so.o
 *(.rel.tdata .rel.tdata.* .rel.gnu.linkonce.td.*)
 *(.rel.tbss .rel.tbss.* .rel.gnu.linkonce.tb.*)
 *(.rel.ctors)
 *(.rel.dtors)
 *(.rel.got)
 .rel.got       0x00000e1c       0xc0 C:/android-ndk-r8b/platforms/android-9/arch-arm/usr/lib/crtbegin_so.o
 *(.rel.bss .rel.bss.* .rel.gnu.linkonce.b.*)
 .rel.fini_array
                0x00000edc        0x8 C:/android-ndk-r8b/platforms/android-9/arch-arm/usr/lib/crtbegin_so.o

.rela.dyn
 *(.rela.init)
 *(.rela.text .rela.text.* .rela.gnu.linkonce.t.*)
 *(.rela.fini)
 *(.rela.rodata .rela.rodata.* .rela.gnu.linkonce.r.*)
 *(.rela.data .rela.data.* .rela.gnu.linkonce.d.*)
 *(.rela.tdata .rela.tdata.* .rela.gnu.linkonce.td.*)
 *(.rela.tbss .rela.tbss.* .rela.gnu.linkonce.tb.*)
 *(.rela.ctors)
 *(.rela.dtors)
 *(.rela.got)
 *(.rela.bss .rela.bss.* .rela.gnu.linkonce.b.*)

.rel.plt        0x00000ee4       0x70
 *(.rel.plt)
 .rel.plt       0x00000ee4       0x70 C:/android-ndk-r8b/platforms/android-9/arch-arm/usr/lib/crtbegin_so.o

.rela.plt
 *(.rela.plt)

.init
 *(.init)

.plt            0x00000f54       0xbc
 *(.plt)
 .plt           0x00000f54       0xbc C:/android-ndk-r8b/platforms/android-9/arch-arm/usr/lib/crtbegin_so.o

.text           0x00001010     0x2348
 *(.text .stub .text.* .gnu.linkonce.t.*)
 .text          0x00001010       0x28 C:/android-ndk-r8b/platforms/android-9/arch-arm/usr/lib/crtbegin_so.o
                0x00001020                atexit
 .text._ZN7_JNIEnv11GetMethodIDEP7_jclassPKcS3_
                0x00001038       0x14 release\s3eNextpeer_platform.os
                0x00001038                _JNIEnv::GetMethodID(_jclass*, char const*, char const*)
 .text._Z22onNextpeerAppearCalledv
                0x0000104c        0x4 release\s3eNextpeer_platform.os
                0x0000104c                onNextpeerAppearCalled()
 .text._Z25onNextpeerDisappearCalledv
                0x00001050        0x4 release\s3eNextpeer_platform.os
                0x00001050                onNextpeerDisappearCalled()
 .text._Z28onNextpeerReturnToGameCalledv
                0x00001054        0x4 release\s3eNextpeer_platform.os
                0x00001054                onNextpeerReturnToGameCalled()
 .text._Z26onSupportsTournamentCalledv
                0x00001058        0x4 release\s3eNextpeer_platform.os
                0x00001058                onSupportsTournamentCalled()
 .text._Z23onTournamentStartCalledv
                0x0000105c        0x4 release\s3eNextpeer_platform.os
                0x0000105c                onTournamentStartCalled()
 .text._Z21onTournamentEndCalledv
                0x00001060        0x4 release\s3eNextpeer_platform.os
                0x00001060                onTournamentEndCalled()
 .text._Z38onReceiveTournamentCustomMessageCalledv
                0x00001064        0x4 release\s3eNextpeer_platform.os
                0x00001064                onReceiveTournamentCustomMessageCalled()
 .text._Z48onReceiveUnreliableTournamentCustomMessageCalledv
                0x00001068        0x4 release\s3eNextpeer_platform.os
                0x00001068                onReceiveUnreliableTournamentCustomMessageCalled()
 .text._Z29s3eNextpeerTerminate_platformv
                0x0000106c        0x4 release\s3eNextpeer_platform.os
                0x0000106c                s3eNextpeerTerminate_platform()
 .text._Z43s3eNextpeerGetCurrentPlayerDetails_platformv
                0x00001070        0x4 release\s3eNextpeer_platform.os
                0x00001070                s3eNextpeerGetCurrentPlayerDetails_platform()
 .text._ZN7_JNIEnv14CallVoidMethodEP8_jobjectP10_jmethodIDz
                0x00001074       0x34 release\s3eNextpeer_platform.os
                0x00001074                _JNIEnv::CallVoidMethod(_jobject*, _jmethodID*, ...)
 .text._ZN7_JNIEnv13CallIntMethodEP8_jobjectP10_jmethodIDz
                0x000010a8       0x34 release\s3eNextpeer_platform.os
                0x000010a8                _JNIEnv::CallIntMethod(_jobject*, _jmethodID*, ...)
 .text._ZN7_JNIEnv17CallBooleanMethodEP8_jobjectP10_jmethodIDz
                0x000010dc       0x34 release\s3eNextpeer_platform.os
                0x000010dc                _JNIEnv::CallBooleanMethod(_jobject*, _jmethodID*, ...)
 .text._ZN7_JNIEnv16CallObjectMethodEP8_jobjectP10_jmethodIDz
                0x00001110       0x34 release\s3eNextpeer_platform.os
                0x00001110                _JNIEnv::CallObjectMethod(_jobject*, _jmethodID*, ...)
 .text._ZN7_JNIEnv9NewObjectEP7_jclassP10_jmethodIDz
                0x00001144       0x34 release\s3eNextpeer_platform.os
                0x00001144                _JNIEnv::NewObject(_jclass*, _jmethodID*, ...)
 .text._Z31onReceiveTournamentStatusCalledP7_JNIEnvP8_jobjectS2_
                0x00001178       0x48 release\s3eNextpeer_platform.os
                0x00001178                onReceiveTournamentStatusCalled(_JNIEnv*, _jobject*, _jobject*)
 .text._Z52s3eNextpeerUnreliablePushDataToOtherPlayers_platformPvj
                0x000011c0       0x5c release\s3eNextpeer_platform.os
                0x000011c0                s3eNextpeerUnreliablePushDataToOtherPlayers_platform(void*, unsigned int)
 .text._Z43s3eNextpeerChangeCurrentPlayerName_platformPc
                0x0000121c       0x58 release\s3eNextpeer_platform.os
                0x0000121c                s3eNextpeerChangeCurrentPlayerName_platform(char*)
 .text._Z48s3eNextpeerChangeCurrentPlayerAvatarUrl_platformPc
                0x00001274       0x58 release\s3eNextpeer_platform.os
                0x00001274                s3eNextpeerChangeCurrentPlayerAvatarUrl_platform(char*)
 .text._Z38s3eNextpeerGetNextpeerVersion_platformv
                0x000012cc       0x50 release\s3eNextpeer_platform.os
                0x000012cc                s3eNextpeerGetNextpeerVersion_platform()
 .text._Z59s3eNextpeerReportControlledTournamentOverWithScore_platformj
                0x0000131c       0x58 release\s3eNextpeer_platform.os
                0x0000131c                s3eNextpeerReportControlledTournamentOverWithScore_platform(unsigned int)
 .text._Z42s3eNextpeerPushDataToOtherPlayers_platformPvj
                0x00001374       0x60 release\s3eNextpeer_platform.os
                0x00001374                s3eNextpeerPushDataToOtherPlayers_platform(void*, unsigned int)
 .text._Z35s3eNextpeerLaunchDashboard_platformv
                0x000013d4       0x50 release\s3eNextpeer_platform.os
                0x000013d4                s3eNextpeerLaunchDashboard_platform()
 .text._Z40s3eNextpeerEnableRankingDisplay_platformb
                0x00001424       0x58 release\s3eNextpeer_platform.os
                0x00001424                s3eNextpeerEnableRankingDisplay_platform(bool)
 .text._Z51s3eNextpeerReportScoreForCurrentTournament_platformj
                0x0000147c       0x58 release\s3eNextpeer_platform.os
                0x0000147c                s3eNextpeerReportScoreForCurrentTournament_platform(unsigned int)
 .text._Z53s3eNextpeerReportForfeitForCurrentTournament_platformv
                0x000014d4       0x50 release\s3eNextpeer_platform.os
                0x000014d4                s3eNextpeerReportForfeitForCurrentTournament_platform()
 .text._Z41s3eNextpeerTimeLeftForTournament_platformv
                0x00001524       0x50 release\s3eNextpeer_platform.os
                0x00001524                s3eNextpeerTimeLeftForTournament_platform()
 .text._Z39s3eNextpeerIsNextpeerSupported_platformv
                0x00001574       0x58 release\s3eNextpeer_platform.os
                0x00001574                s3eNextpeerIsNextpeerSupported_platform()
 .text._Z41s3eNextpeerIsNextpeerInitialised_platformv
                0x000015cc       0x58 release\s3eNextpeer_platform.os
                0x000015cc                s3eNextpeerIsNextpeerInitialised_platform()
 .text._Z43s3eNextpeerIsCurrentlyInTournament_platformv
                0x00001624       0x58 release\s3eNextpeer_platform.os
                0x00001624                s3eNextpeerIsCurrentlyInTournament_platform()
 .text._ZL27s3eEdkAndroidFindClass_realPKc
                0x0000167c       0xb8 release\s3eNextpeer_platform.os
 .text._Z24s3eNextpeerInit_platformv
                0x00001734      0x464 release\s3eNextpeer_platform.os
                0x00001734                s3eNextpeerInit_platform()
 .text.s3eNextpeerUnreliablePushDataToOtherPlayers
                0x00001b98        0x4 release\s3eNextpeer.os
                0x00001b98                s3eNextpeerUnreliablePushDataToOtherPlayers
 .text.s3eNextpeerTimeLeftForTournament
                0x00001b9c        0x4 release\s3eNextpeer.os
                0x00001b9c                s3eNextpeerTimeLeftForTournament
 .text.s3eNextpeerReportScoreForCurrentTournament
                0x00001ba0        0x4 release\s3eNextpeer.os
                0x00001ba0                s3eNextpeerReportScoreForCurrentTournament
 .text.s3eNextpeerReportForfeitForCurrentTournament
                0x00001ba4        0x4 release\s3eNextpeer.os
                0x00001ba4                s3eNextpeerReportForfeitForCurrentTournament
 .text.s3eNextpeerReportControlledTournamentOverWithScore
                0x00001ba8        0x4 release\s3eNextpeer.os
                0x00001ba8                s3eNextpeerReportControlledTournamentOverWithScore
 .text.s3eNextpeerPushDataToOtherPlayers
                0x00001bac        0x4 release\s3eNextpeer.os
                0x00001bac                s3eNextpeerPushDataToOtherPlayers
 .text.s3eNextpeerLaunchDashboard
                0x00001bb0        0x4 release\s3eNextpeer.os
                0x00001bb0                s3eNextpeerLaunchDashboard
 .text.s3eNextpeerIsNextpeerSupported
                0x00001bb4        0x4 release\s3eNextpeer.os
                0x00001bb4                s3eNextpeerIsNextpeerSupported
 .text.s3eNextpeerIsNextpeerInitialised
                0x00001bb8        0x4 release\s3eNextpeer.os
                0x00001bb8                s3eNextpeerIsNextpeerInitialised
 .text.s3eNextpeerIsCurrentlyInTournament
                0x00001bbc        0x4 release\s3eNextpeer.os
                0x00001bbc                s3eNextpeerIsCurrentlyInTournament
 .text.s3eNextpeerGetNextpeerVersion
                0x00001bc0        0x4 release\s3eNextpeer.os
                0x00001bc0                s3eNextpeerGetNextpeerVersion
 .text.s3eNextpeerGetCurrentPlayerDetails
                0x00001bc4       0x18 release\s3eNextpeer.os
                0x00001bc4                s3eNextpeerGetCurrentPlayerDetails
 .text.s3eNextpeerEnableRankingDisplay
                0x00001bdc        0x4 release\s3eNextpeer.os
                0x00001bdc                s3eNextpeerEnableRankingDisplay
 .text.s3eNextpeerChangeCurrentPlayerName
                0x00001be0        0x4 release\s3eNextpeer.os
                0x00001be0                s3eNextpeerChangeCurrentPlayerName
 .text.s3eNextpeerChangeCurrentPlayerAvatarUrl
                0x00001be4        0x4 release\s3eNextpeer.os
                0x00001be4                s3eNextpeerChangeCurrentPlayerAvatarUrl
 .text._Z20s3eNextpeerTerminatev
                0x00001be8        0x4 release\s3eNextpeer.os
                0x00001be8                s3eNextpeerTerminate()
 .text._Z15s3eNextpeerInitv
                0x00001bec        0x4 release\s3eNextpeer.os
                0x00001bec                s3eNextpeerInit()
 .text._ZL31s3eNextpeerLaunchDashboard_wrapv
                0x00001bf0       0x14 release\s3eNextpeer_register.os
 .text.s3eNextpeerUnRegister
                0x00001c04       0x30 release\s3eNextpeer_register.os
                0x00001c04                s3eNextpeerUnRegister
 .text.s3eNextpeerRegister
                0x00001c34       0x34 release\s3eNextpeer_register.os
                0x00001c34                s3eNextpeerRegister
 .text.RegisterExt
                0x00001c68      0x1d0 release\s3eNextpeer_register.os
                0x00001c68                RegisterExt
 .text.s3eEdkThreadRunOnOS
                0x00001e38       0x30 C:\Marmalade\7.2\s3e\edk\lib\android\libedk.a(edk_helpers.o)
                0x00001e38                s3eEdkThreadRunOnOS
 .text          0x00001e68      0xec4 c:/android-ndk-r8b/toolchains/arm-linux-androideabi-4.4.3/prebuilt/windows/bin/../lib/gcc/arm-linux-androideabi/4.4.3\libgcc.a(unwind-arm.o)
                0x00002890                __gnu_Unwind_RaiseException
                0x000023e8                __aeabi_unwind_cpp_pr0
                0x00001f18                _Unwind_GetCFA
                0x00001eb4                _Unwind_VRS_Set
                0x0000262c                __gnu_Unwind_Backtrace
                0x000029c0                _Unwind_VRS_Pop
                0x000023d8                __aeabi_unwind_cpp_pr2
                0x00001f24                _Unwind_DeleteException
                0x00001f20                _Unwind_Complete
                0x00002954                __gnu_Unwind_Resume
                0x0000281c                __gnu_Unwind_ForcedUnwind
                0x00002934                __gnu_Unwind_Resume_or_Rethrow
                0x00001e68                _Unwind_VRS_Get
                0x000023e0                __aeabi_unwind_cpp_pr1
 .text          0x00002d2c      0x1a8 c:/android-ndk-r8b/toolchains/arm-linux-androideabi-4.4.3/prebuilt/windows/bin/../lib/gcc/arm-linux-androideabi/4.4.3\libgcc.a(libunwind.o)
                0x00002e8c                ___Unwind_ForcedUnwind
                0x00002d48                __gnu_Unwind_Save_VFP
                0x00002e68                _Unwind_Resume_or_Rethrow
                0x00002e68                ___Unwind_Resume_or_Rethrow
                0x00002eb0                _Unwind_Backtrace
                0x00002d2c                __restore_core_regs
                0x00002d68                __gnu_Unwind_Save_VFP_D_16_to_31
                0x00002d58                __gnu_Unwind_Save_VFP_D
                0x00002eb0                ___Unwind_Backtrace
                0x00002e20                ___Unwind_RaiseException
                0x00002e44                ___Unwind_Resume
                0x00002d70                __gnu_Unwind_Restore_WMMXD
                0x00002d40                __gnu_Unwind_Restore_VFP
                0x00002e44                _Unwind_Resume
                0x00002d50                __gnu_Unwind_Restore_VFP_D
                0x00002d60                __gnu_Unwind_Restore_VFP_D_16_to_31
                0x00002e20                _Unwind_RaiseException
                0x00002d2c                restore_core_regs
                0x00002e0c                __gnu_Unwind_Save_WMMXC
                0x00002df8                __gnu_Unwind_Restore_WMMXC
                0x00002e8c                _Unwind_ForcedUnwind
                0x00002db4                __gnu_Unwind_Save_WMMXD
 .text          0x00002ed4      0x484 c:/android-ndk-r8b/toolchains/arm-linux-androideabi-4.4.3/prebuilt/windows/bin/../lib/gcc/arm-linux-androideabi/4.4.3\libgcc.a(pr-support.o)
                0x00002f74                _Unwind_GetRegionStart
                0x00002fa0                __gnu_unwind_execute
                0x00002f2c                _Unwind_GetTextRelBase
                0x00002f3c                _Unwind_GetLanguageSpecificData
                0x00003318                __gnu_unwind_frame
                0x00002f34                _Unwind_GetDataRelBase
 *(.gnu.warning)
 *(.glue_7t)
 .glue_7t       0x00000000        0x0 linker stubs
 *(.glue_7)
 .glue_7        0x00000000        0x0 linker stubs
 *(.vfp11_veneer)
 .vfp11_veneer  0x00000000        0x0 linker stubs
 *(.v4_bx)
 .v4_bx         0x00000000        0x0 linker stubs

.fini
 *(.fini)
                0x00003358                PROVIDE (__etext, .)
                0x00003358                PROVIDE (_etext, .)
                0x00003358                PROVIDE (etext, .)

.rodata         0x00003358      0x408
 *(.rodata .rodata.* .gnu.linkonce.r.*)
 .rodata.str1.4
                0x00003358      0x408 release\s3eNextpeer_platform.os
 .rodata.str1.4
                0x00000000        0xc release\s3eNextpeer_register.os

.rodata1
 *(.rodata1)

.ARM.extab      0x00003760       0x24
 *(.ARM.extab* .gnu.linkonce.armextab.*)
 .ARM.extab     0x00003760       0x24 c:/android-ndk-r8b/toolchains/arm-linux-androideabi-4.4.3/prebuilt/windows/bin/../lib/gcc/arm-linux-androideabi/4.4.3\libgcc.a(unwind-arm.o)
                0x00003784                __exidx_start = .

.ARM.exidx      0x00003784       0xe0
 *(.ARM.exidx* .gnu.linkonce.armexidx.*)
 .ARM.exidx     0x00003784        0x8 C:/android-ndk-r8b/platforms/android-9/arch-arm/usr/lib/crtbegin_so.o
 .ARM.exidx     0x0000378c       0xa0 c:/android-ndk-r8b/toolchains/arm-linux-androideabi-4.4.3/prebuilt/windows/bin/../lib/gcc/arm-linux-androideabi/4.4.3\libgcc.a(unwind-arm.o)
 .ARM.exidx     0x0000382c       0x38 c:/android-ndk-r8b/toolchains/arm-linux-androideabi-4.4.3/prebuilt/windows/bin/../lib/gcc/arm-linux-androideabi/4.4.3\libgcc.a(pr-support.o)
                0x00003864                __exidx_end = .

.eh_frame_hdr
 *(.eh_frame_hdr)

.eh_frame
 *(.eh_frame)

.gcc_except_table
 *(.gcc_except_table .gcc_except_table.*)
                0x00003864                . = (ALIGN (0x1000) - ((0x1000 - .) & 0xfff))
                0x00004dfc                . = (0x1000 DATA_SEGMENT_ALIGN 0x1000)

.eh_frame
 *(.eh_frame)

.gcc_except_table
 *(.gcc_except_table .gcc_except_table.*)

.tdata
 *(.tdata .tdata.* .gnu.linkonce.td.*)

.tbss
 *(.tbss .tbss.* .gnu.linkonce.tb.*)
 *(.tcommon)

.preinit_array
 *(.preinit_array)

.init_array     0x00004dfc        0x8
 *(SORT(.init_array.*))
 *(.init_array)
 .init_array    0x00004dfc        0x4 C:/android-ndk-r8b/platforms/android-9/arch-arm/usr/lib/crtbegin_so.o
                0x00004dfc                __INIT_ARRAY__
 .init_array    0x00004e00        0x4 C:/android-ndk-r8b/platforms/android-9/arch-arm/usr/lib/crtend_so.o

.fini_array     0x00004e04        0xc
 *(.fini_array)
 .fini_array    0x00004e04        0x8 C:/android-ndk-r8b/platforms/android-9/arch-arm/usr/lib/crtbegin_so.o
                0x00004e04                __FINI_ARRAY__
 .fini_array    0x00004e0c        0x4 C:/android-ndk-r8b/platforms/android-9/arch-arm/usr/lib/crtend_so.o
 *(SORT(.fini_array.*))

.ctors
 *crtbegin.o(.ctors)
 *crtbegin?.o(.ctors)
 *(EXCLUDE_FILE(*crtend?.o *crtend.o) .ctors)
 *(SORT(.ctors.*))
 *(.ctors)

.dtors
 *crtbegin.o(.dtors)
 *crtbegin?.o(.dtors)
 *(EXCLUDE_FILE(*crtend?.o *crtend.o) .dtors)
 *(SORT(.dtors.*))
 *(.dtors)

.jcr
 *(.jcr)

.data.rel.ro    0x00004e10       0x6c
 *(.data.rel.ro.local* .gnu.linkonce.d.rel.ro.local.*)
 *(.data.rel.ro* .gnu.linkonce.d.rel.ro.*)
 .data.rel.ro   0x00004e10       0x6c release\s3eNextpeer_platform.os

.dynamic        0x00004e7c       0xe0
 *(.dynamic)
 .dynamic       0x00004e7c       0xe0 C:/android-ndk-r8b/platforms/android-9/arch-arm/usr/lib/crtbegin_so.o
                0x00004e7c                _DYNAMIC

.got            0x00004f5c       0xa4
 *(.got.plt)
 .got.plt       0x00004f5c       0x44 C:/android-ndk-r8b/platforms/android-9/arch-arm/usr/lib/crtbegin_so.o
                0x00004f5c                _GLOBAL_OFFSET_TABLE_
 *(.got)
 .got           0x00004fa0       0x60 C:/android-ndk-r8b/platforms/android-9/arch-arm/usr/lib/crtbegin_so.o
                0x00005000                . = (. DATA_SEGMENT_RELRO_END 0x0)

.data           0x00005000       0x10
                0x00005000                __data_start = .
 *(.data .data.* .gnu.linkonce.d.*)
 .data          0x00005000       0x10 C:/android-ndk-r8b/platforms/android-9/arch-arm/usr/lib/crtbegin_so.o
                0x00005000                __dso_handle

.data1
 *(.data1)
                0x00005010                _edata = .
                0x00005010                PROVIDE (edata, .)
                0x00005010                __bss_start = .
                0x00005010                __bss_start__ = .

.bss            0x00005010       0x40
 *(.dynbss)
 .dynbss        0x00000000        0x0 C:/android-ndk-r8b/platforms/android-9/arch-arm/usr/lib/crtbegin_so.o
 *(.bss .bss.* .gnu.linkonce.b.*)
 .bss           0x00005010       0x40 release\s3eNextpeer_platform.os
 *(COMMON)
                0x00005050                . = ALIGN ((. != 0x0)?0x4:0x1)
                0x00005050                _bss_end__ = .
                0x00005050                __bss_end__ = .
                0x00005050                . = ALIGN (0x4)
                0x00005050                . = ALIGN (0x4)
                0x00005050                __end__ = .
                0x00005050                _end = .
                0x00005050                PROVIDE (end, .)
                0x00005050                . = DATA_SEGMENT_END (.)

.stab
 *(.stab)

.stabstr
 *(.stabstr)

.stab.excl
 *(.stab.excl)

.stab.exclstr
 *(.stab.exclstr)

.stab.index
 *(.stab.index)

.stab.indexstr
 *(.stab.indexstr)

.comment        0x00000000       0x6c
 *(.comment)
 .comment       0x00000000       0x12 release\s3eNextpeer_platform.os
 .comment       0x00000012       0x12 release\s3eNextpeer.os
 .comment       0x00000024       0x12 release\s3eNextpeer_register.os
 .comment       0x00000036       0x12 C:\Marmalade\7.2\s3e\edk\lib\android\libedk.a(edk_helpers.o)
 .comment       0x00000048       0x12 c:/android-ndk-r8b/toolchains/arm-linux-androideabi-4.4.3/prebuilt/windows/bin/../lib/gcc/arm-linux-androideabi/4.4.3\libgcc.a(unwind-arm.o)
 .comment       0x0000005a       0x12 c:/android-ndk-r8b/toolchains/arm-linux-androideabi-4.4.3/prebuilt/windows/bin/../lib/gcc/arm-linux-androideabi/4.4.3\libgcc.a(pr-support.o)

.debug
 *(.debug)

.line
 *(.line)

.debug_srcinfo
 *(.debug_srcinfo)

.debug_sfnames
 *(.debug_sfnames)

.debug_aranges  0x00000000       0x60
 *(.debug_aranges)
 .debug_aranges
                0x00000000       0x20 c:/android-ndk-r8b/toolchains/arm-linux-androideabi-4.4.3/prebuilt/windows/bin/../lib/gcc/arm-linux-androideabi/4.4.3\libgcc.a(unwind-arm.o)
 .debug_aranges
                0x00000020       0x20 c:/android-ndk-r8b/toolchains/arm-linux-androideabi-4.4.3/prebuilt/windows/bin/../lib/gcc/arm-linux-androideabi/4.4.3\libgcc.a(libunwind.o)
 .debug_aranges
                0x00000040       0x20 c:/android-ndk-r8b/toolchains/arm-linux-androideabi-4.4.3/prebuilt/windows/bin/../lib/gcc/arm-linux-androideabi/4.4.3\libgcc.a(pr-support.o)

.debug_pubnames
                0x00000000      0x22e
 *(.debug_pubnames)
 .debug_pubnames
                0x00000000      0x177 c:/android-ndk-r8b/toolchains/arm-linux-androideabi-4.4.3/prebuilt/windows/bin/../lib/gcc/arm-linux-androideabi/4.4.3\libgcc.a(unwind-arm.o)
 .debug_pubnames
                0x00000177       0xb7 c:/android-ndk-r8b/toolchains/arm-linux-androideabi-4.4.3/prebuilt/windows/bin/../lib/gcc/arm-linux-androideabi/4.4.3\libgcc.a(pr-support.o)

.debug_info     0x00000000     0x1b53
 *(.debug_info .gnu.linkonce.wi.*)
 .debug_info    0x00000000     0x1424 c:/android-ndk-r8b/toolchains/arm-linux-androideabi-4.4.3/prebuilt/windows/bin/../lib/gcc/arm-linux-androideabi/4.4.3\libgcc.a(unwind-arm.o)
 .debug_info    0x00001424       0xf9 c:/android-ndk-r8b/toolchains/arm-linux-androideabi-4.4.3/prebuilt/windows/bin/../lib/gcc/arm-linux-androideabi/4.4.3\libgcc.a(libunwind.o)
 .debug_info    0x0000151d      0x636 c:/android-ndk-r8b/toolchains/arm-linux-androideabi-4.4.3/prebuilt/windows/bin/../lib/gcc/arm-linux-androideabi/4.4.3\libgcc.a(pr-support.o)

.debug_abbrev   0x00000000      0x5ef
 *(.debug_abbrev)
 .debug_abbrev  0x00000000      0x3bb c:/android-ndk-r8b/toolchains/arm-linux-androideabi-4.4.3/prebuilt/windows/bin/../lib/gcc/arm-linux-androideabi/4.4.3\libgcc.a(unwind-arm.o)
 .debug_abbrev  0x000003bb       0x14 c:/android-ndk-r8b/toolchains/arm-linux-androideabi-4.4.3/prebuilt/windows/bin/../lib/gcc/arm-linux-androideabi/4.4.3\libgcc.a(libunwind.o)
 .debug_abbrev  0x000003cf      0x220 c:/android-ndk-r8b/toolchains/arm-linux-androideabi-4.4.3/prebuilt/windows/bin/../lib/gcc/arm-linux-androideabi/4.4.3\libgcc.a(pr-support.o)

.debug_line     0x00000000      0x795
 *(.debug_line)
 .debug_line    0x00000000      0x4d2 c:/android-ndk-r8b/toolchains/arm-linux-androideabi-4.4.3/prebuilt/windows/bin/../lib/gcc/arm-linux-androideabi/4.4.3\libgcc.a(unwind-arm.o)
 .debug_line    0x000004d2       0xf1 c:/android-ndk-r8b/toolchains/arm-linux-androideabi-4.4.3/prebuilt/windows/bin/../lib/gcc/arm-linux-androideabi/4.4.3\libgcc.a(libunwind.o)
 .debug_line    0x000005c3      0x1d2 c:/android-ndk-r8b/toolchains/arm-linux-androideabi-4.4.3/prebuilt/windows/bin/../lib/gcc/arm-linux-androideabi/4.4.3\libgcc.a(pr-support.o)

.debug_frame    0x00000000      0x350
 *(.debug_frame)
 .debug_frame   0x00000000      0x248 c:/android-ndk-r8b/toolchains/arm-linux-androideabi-4.4.3/prebuilt/windows/bin/../lib/gcc/arm-linux-androideabi/4.4.3\libgcc.a(unwind-arm.o)
 .debug_frame   0x00000248      0x108 c:/android-ndk-r8b/toolchains/arm-linux-androideabi-4.4.3/prebuilt/windows/bin/../lib/gcc/arm-linux-androideabi/4.4.3\libgcc.a(pr-support.o)

.debug_str      0x00000000      0x9c7
 *(.debug_str)
 .debug_str     0x00000000      0x884 c:/android-ndk-r8b/toolchains/arm-linux-androideabi-4.4.3/prebuilt/windows/bin/../lib/gcc/arm-linux-androideabi/4.4.3\libgcc.a(unwind-arm.o)
                                0x8f4 (size before relaxing)
 .debug_str     0x00000884      0x143 c:/android-ndk-r8b/toolchains/arm-linux-androideabi-4.4.3/prebuilt/windows/bin/../lib/gcc/arm-linux-androideabi/4.4.3\libgcc.a(pr-support.o)
                                0x45a (size before relaxing)

.debug_loc      0x00000000     0x12e8
 *(.debug_loc)
 .debug_loc     0x00000000      0xfef c:/android-ndk-r8b/toolchains/arm-linux-androideabi-4.4.3/prebuilt/windows/bin/../lib/gcc/arm-linux-androideabi/4.4.3\libgcc.a(unwind-arm.o)
 .debug_loc     0x00000fef      0x2f9 c:/android-ndk-r8b/toolchains/arm-linux-androideabi-4.4.3/prebuilt/windows/bin/../lib/gcc/arm-linux-androideabi/4.4.3\libgcc.a(pr-support.o)

.debug_macinfo
 *(.debug_macinfo)

.debug_weaknames
 *(.debug_weaknames)

.debug_funcnames
 *(.debug_funcnames)

.debug_typenames
 *(.debug_typenames)

.debug_varnames
 *(.debug_varnames)

.debug_pubtypes
 *(.debug_pubtypes)

.debug_ranges   0x00000000      0x228
 *(.debug_ranges)
 .debug_ranges  0x00000000      0x1f8 c:/android-ndk-r8b/toolchains/arm-linux-androideabi-4.4.3/prebuilt/windows/bin/../lib/gcc/arm-linux-androideabi/4.4.3\libgcc.a(unwind-arm.o)
 .debug_ranges  0x000001f8       0x30 c:/android-ndk-r8b/toolchains/arm-linux-androideabi-4.4.3/prebuilt/windows/bin/../lib/gcc/arm-linux-androideabi/4.4.3\libgcc.a(pr-support.o)

.gnu.attributes
 *(.gnu.attributes)

.note.gnu.arm.ident
 *(.note.gnu.arm.ident)

/DISCARD/
 *(.note.GNU-stack)
 *(.gnu_debuglink)
OUTPUT(C:\Marmalade\7.2\examples\HelloWorld\s3eNextpeer\lib\android\libs3eNextpeer.so elf32-littlearm)

.ARM.attributes
                0x00000000       0x31
 .ARM.attributes
                0x00000000       0x2d C:/android-ndk-r8b/platforms/android-9/arch-arm/usr/lib/crtbegin_so.o
 .ARM.attributes
                0x0000002d       0x2b release\s3eNextpeer_platform.os
 .ARM.attributes
                0x00000058       0x2b release\s3eNextpeer.os
 .ARM.attributes
                0x00000083       0x2b release\s3eNextpeer_register.os
 .ARM.attributes
                0x000000ae       0x2b C:\Marmalade\7.2\s3e\edk\lib\android\libedk.a(edk_helpers.o)
 .ARM.attributes
                0x000000d9       0x29 c:/android-ndk-r8b/toolchains/arm-linux-androideabi-4.4.3/prebuilt/windows/bin/../lib/gcc/arm-linux-androideabi/4.4.3\libgcc.a(unwind-arm.o)
 .ARM.attributes
                0x00000102       0x19 c:/android-ndk-r8b/toolchains/arm-linux-androideabi-4.4.3/prebuilt/windows/bin/../lib/gcc/arm-linux-androideabi/4.4.3\libgcc.a(libunwind.o)
 .ARM.attributes
                0x0000011b       0x29 c:/android-ndk-r8b/toolchains/arm-linux-androideabi-4.4.3/prebuilt/windows/bin/../lib/gcc/arm-linux-androideabi/4.4.3\libgcc.a(pr-support.o)
 .ARM.attributes
                0x00000144       0x1f C:/android-ndk-r8b/platforms/android-9/arch-arm/usr/lib/crtend_so.o
